Archive member included because of file (symbol)

c:/program files (x86)/codesourcery/sourcery g++ lite/bin/../lib/gcc/arm-none-eabi/4.5.1/../../../../arm-none-eabi/lib/thumb2\libc.a(lib_a-abort.o)
                              FLASH_RUN/syscalls.o (abort)
c:/program files (x86)/codesourcery/sourcery g++ lite/bin/../lib/gcc/arm-none-eabi/4.5.1/../../../../arm-none-eabi/lib/thumb2\libc.a(lib_a-memcpy.o)
                              FLASH_RUN/queue.o (memcpy)
c:/program files (x86)/codesourcery/sourcery g++ lite/bin/../lib/gcc/arm-none-eabi/4.5.1/../../../../arm-none-eabi/lib/thumb2\libc.a(lib_a-memset.o)
                              FLASH_RUN/tasks.o (memset)
c:/program files (x86)/codesourcery/sourcery g++ lite/bin/../lib/gcc/arm-none-eabi/4.5.1/../../../../arm-none-eabi/lib/thumb2\libc.a(lib_a-reent.o)
                              FLASH_RUN/syscalls.o (errno)
c:/program files (x86)/codesourcery/sourcery g++ lite/bin/../lib/gcc/arm-none-eabi/4.5.1/../../../../arm-none-eabi/lib/thumb2\libc.a(lib_a-signal.o)
                              c:/program files (x86)/codesourcery/sourcery g++ lite/bin/../lib/gcc/arm-none-eabi/4.5.1/../../../../arm-none-eabi/lib/thumb2\libc.a(lib_a-abort.o) (raise)
c:/program files (x86)/codesourcery/sourcery g++ lite/bin/../lib/gcc/arm-none-eabi/4.5.1/../../../../arm-none-eabi/lib/thumb2\libc.a(lib_a-signalr.o)
                              c:/program files (x86)/codesourcery/sourcery g++ lite/bin/../lib/gcc/arm-none-eabi/4.5.1/../../../../arm-none-eabi/lib/thumb2\libc.a(lib_a-signal.o) (_kill_r)
c:/program files (x86)/codesourcery/sourcery g++ lite/bin/../lib/gcc/arm-none-eabi/4.5.1/../../../../arm-none-eabi/lib/thumb2\libc.a(lib_a-sprintf.o)
                              FLASH_RUN/protocol_task.o (sprintf)
c:/program files (x86)/codesourcery/sourcery g++ lite/bin/../lib/gcc/arm-none-eabi/4.5.1/../../../../arm-none-eabi/lib/thumb2\libc.a(lib_a-strcat.o)
                              FLASH_RUN/tasks.o (strcat)
c:/program files (x86)/codesourcery/sourcery g++ lite/bin/../lib/gcc/arm-none-eabi/4.5.1/../../../../arm-none-eabi/lib/thumb2\libc.a(lib_a-strcpy.o)
                              c:/program files (x86)/codesourcery/sourcery g++ lite/bin/../lib/gcc/arm-none-eabi/4.5.1/../../../../arm-none-eabi/lib/thumb2\libc.a(lib_a-strcat.o) (strcpy)
c:/program files (x86)/codesourcery/sourcery g++ lite/bin/../lib/gcc/arm-none-eabi/4.5.1/../../../../arm-none-eabi/lib/thumb2\libc.a(lib_a-strncpy.o)
                              FLASH_RUN/tasks.o (strncpy)
c:/program files (x86)/codesourcery/sourcery g++ lite/bin/../lib/gcc/arm-none-eabi/4.5.1/../../../../arm-none-eabi/lib/thumb2\libc.a(lib_a-svfprintf.o)
                              c:/program files (x86)/codesourcery/sourcery g++ lite/bin/../lib/gcc/arm-none-eabi/4.5.1/../../../../arm-none-eabi/lib/thumb2\libc.a(lib_a-sprintf.o) (_svfprintf_r)
c:/program files (x86)/codesourcery/sourcery g++ lite/bin/../lib/gcc/arm-none-eabi/4.5.1/../../../../arm-none-eabi/lib/thumb2\libc.a(lib_a-dtoa.o)
                              c:/program files (x86)/codesourcery/sourcery g++ lite/bin/../lib/gcc/arm-none-eabi/4.5.1/../../../../arm-none-eabi/lib/thumb2\libc.a(lib_a-svfprintf.o) (_dtoa_r)
c:/program files (x86)/codesourcery/sourcery g++ lite/bin/../lib/gcc/arm-none-eabi/4.5.1/../../../../arm-none-eabi/lib/thumb2\libc.a(lib_a-freer.o)
                              c:/program files (x86)/codesourcery/sourcery g++ lite/bin/../lib/gcc/arm-none-eabi/4.5.1/../../../../arm-none-eabi/lib/thumb2\libc.a(lib_a-reent.o) (_free_r)
c:/program files (x86)/codesourcery/sourcery g++ lite/bin/../lib/gcc/arm-none-eabi/4.5.1/../../../../arm-none-eabi/lib/thumb2\libc.a(lib_a-impure.o)
                              c:/program files (x86)/codesourcery/sourcery g++ lite/bin/../lib/gcc/arm-none-eabi/4.5.1/../../../../arm-none-eabi/lib/thumb2\libc.a(lib_a-reent.o) (_impure_ptr)
c:/program files (x86)/codesourcery/sourcery g++ lite/bin/../lib/gcc/arm-none-eabi/4.5.1/../../../../arm-none-eabi/lib/thumb2\libc.a(lib_a-locale.o)
                              c:/program files (x86)/codesourcery/sourcery g++ lite/bin/../lib/gcc/arm-none-eabi/4.5.1/../../../../arm-none-eabi/lib/thumb2\libc.a(lib_a-svfprintf.o) (_localeconv_r)
c:/program files (x86)/codesourcery/sourcery g++ lite/bin/../lib/gcc/arm-none-eabi/4.5.1/../../../../arm-none-eabi/lib/thumb2\libc.a(lib_a-malloc.o)
                              c:/program files (x86)/codesourcery/sourcery g++ lite/bin/../lib/gcc/arm-none-eabi/4.5.1/../../../../arm-none-eabi/lib/thumb2\libc.a(lib_a-dtoa.o) (malloc)
c:/program files (x86)/codesourcery/sourcery g++ lite/bin/../lib/gcc/arm-none-eabi/4.5.1/../../../../arm-none-eabi/lib/thumb2\libc.a(lib_a-mallocr.o)
                              c:/program files (x86)/codesourcery/sourcery g++ lite/bin/../lib/gcc/arm-none-eabi/4.5.1/../../../../arm-none-eabi/lib/thumb2\libc.a(lib_a-signal.o) (_malloc_r)
[...]
Memory Configuration

Name             Origin             Length             Attributes
RAM              0x20000000         0x00005000         xrw
EXTSRAM          0x68000000         0x00000000         xrw
FLASH            0x08000000         0x0001f800         xr
EEMUL            0x0801f800         0x00000800         xrw
FLASHB1          0x00000000         0x00000000         xr
EXTMEMB0         0x00000000         0x00000000         xr
EXTMEMB1         0x00000000         0x00000000         xr
EXTMEMB2         0x00000000         0x00000000         xr
EXTMEMB3         0x00000000         0x00000000         xr
*default*        0x00000000         0xffffffff

Linker script and memory map

LOAD FLASH_RUN/main.o
LOAD FLASH_RUN/stm32f10x_it.o
LOAD FLASH_RUN/syscalls.o
LOAD FLASH_RUN/pid.o
LOAD FLASH_RUN/adxl345.o
LOAD FLASH_RUN/itg3200.o
LOAD FLASH_RUN/led.o
LOAD FLASH_RUN/uart.o
LOAD FLASH_RUN/servo.o
LOAD FLASH_RUN/attitude_observer.o
LOAD FLASH_RUN/kalman_task.o
LOAD FLASH_RUN/protocol_task.o
LOAD FLASH_RUN/led_task.o
LOAD FLASH_RUN/control_task.o
LOAD FLASH_RUN/stm32f10x_gpio.o
LOAD FLASH_RUN/stm32f10x_usart.o
LOAD FLASH_RUN/stm32f10x_spi.o
LOAD FLASH_RUN/stm32f10x_i2c.o
LOAD FLASH_RUN/stm32f10x_rcc.o
LOAD FLASH_RUN/stm32f10x_flash.o
LOAD FLASH_RUN/stm32f10x_tim.o
LOAD FLASH_RUN/misc.o
LOAD FLASH_RUN/croutine.o
LOAD FLASH_RUN/list.o
LOAD FLASH_RUN/queue.o
LOAD FLASH_RUN/tasks.o
LOAD FLASH_RUN/port.o
LOAD FLASH_RUN/heap_2.o
LOAD FLASH_RUN/startup_stm32f10x_md_mthomas.o
LOAD FLASH_RUN/core_cm3.o
LOAD FLASH_RUN/system_stm32f10x.o
LOAD c:/program files (x86)/codesourcery/sourcery g++ lite/bin/../lib/gcc/arm-none-eabi/4.5.1/../../../../arm-none-eabi/lib/thumb2\libc.a
LOAD c:/program files (x86)/codesourcery/sourcery g++ lite/bin/../lib/gcc/arm-none-eabi/4.5.1/../../../../arm-none-eabi/lib/thumb2\libm.a
LOAD c:/program files (x86)/codesourcery/sourcery g++ lite/bin/../lib/gcc/arm-none-eabi/4.5.1/../../../../arm-none-eabi/lib/thumb2\libc.a
LOAD c:/program files (x86)/codesourcery/sourcery g++ lite/bin/../lib/gcc/arm-none-eabi/4.5.1/thumb2\libgcc.a
LOAD c:/program files (x86)/codesourcery/sourcery g++ lite/bin/../lib/gcc/arm-none-eabi/4.5.1/../../../../arm-none-eabi/lib/thumb2\libstdc++.a
START GROUP
LOAD c:/program files (x86)/codesourcery/sourcery g++ lite/bin/../lib/gcc/arm-none-eabi/4.5.1/thumb2\libgcc.a
LOAD c:/program files (x86)/codesourcery/sourcery g++ lite/bin/../lib/gcc/arm-none-eabi/4.5.1/../../../../arm-none-eabi/lib/thumb2\libc.a
END GROUP
                0x20005000                _estack = 0x20005000
                0x0801f800                _seemul = 0x801f800
                0x00000100                _Minimum_Stack_Size = 0x100
                0x00000001                ASSERT (0x1, Start of memory region flash not aligned for startup vector table)

.text           0x08000000     0x8cc0
                0x08000000                . = ALIGN (0x80)
                0x00000000                _isr_vectorsflash_offs = (. - 0x8000000)
 *(.isr_vectorsflash)
 .isr_vectorsflash
                0x08000000      0x10c FLASH_RUN/startup_stm32f10x_md_mthomas.o
                0x08000000                g_pfnVectors
                0x0800010c                . = ALIGN (0x4)
 CREATE_OBJECT_SYMBOLS
 *(.text .text.* .gnu.linkonce.t.*)
 .text.SetClock
                0x0800010c       0x70 FLASH_RUN/main.o
                0x0800010c                SetClock
 .text.main     0x0800017c      0x130 FLASH_RUN/main.o
                0x0800017c                main
 .text.NMI_Handler
                0x080002ac        0x2 FLASH_RUN/stm32f10x_it.o
                0x080002ac                NMI_Handler
 .text.HardFault_Handler
                0x080002ae        0x2 FLASH_RUN/stm32f10x_it.o
                0x080002ae                HardFault_Handler
 .text.MemManage_Handler
                0x080002b0        0x2 FLASH_RUN/stm32f10x_it.o
                0x080002b0                MemManage_Handler
 .text.BusFault_Handler
                0x080002b2        0x2 FLASH_RUN/stm32f10x_it.o
                0x080002b2                BusFault_Handler
 .text.UsageFault_Handler
                0x080002b4        0x2 FLASH_RUN/stm32f10x_it.o
                0x080002b4                UsageFault_Handler
 .text.DebugMon_Handler
                0x080002b6        0x2 FLASH_RUN/stm32f10x_it.o
                0x080002b6                DebugMon_Handler
 .text._kill    0x080002b8       0x10 FLASH_RUN/syscalls.o
                0x080002b8                _kill
 .text._exit    0x080002c8        0x2 FLASH_RUN/syscalls.o
                0x080002c8                _exit
 .text._getpid  0x080002ca        0x4 FLASH_RUN/syscalls.o
                0x080002ca                _getpid
 .text.get_stack_top
                0x080002ce        0x4 FLASH_RUN/syscalls.o
                0x080002ce                get_stack_top
 *fill*         0x080002d2        0x2 00
 .text._sbrk    0x080002d4       0x34 FLASH_RUN/syscalls.o
                0x080002d4                _sbrk
 .text.pid_Init
                0x08000308       0x28 FLASH_RUN/pid.o
                0x08000308                pid_Init
 .text.pid_Controller
                0x08000330       0x8c FLASH_RUN/pid.o
                0x08000330                pid_Controller
 .text.ADXL_Clr_Rcv_Buf
                0x080003bc       0x1c FLASH_RUN/adxl345.o
                0x080003bc                ADXL_Clr_Rcv_Buf
 .text.ADXL_ReadSeq
                0x080003d8       0x78 FLASH_RUN/adxl345.o
                0x080003d8                ADXL_ReadSeq
 .text.ADXL_ReadByte
                0x08000450       0x68 FLASH_RUN/adxl345.o
                0x08000450                ADXL_ReadByte
 .text.ADXL_Write
                0x080004b8       0x58 FLASH_RUN/adxl345.o
                0x080004b8                ADXL_Write
 .text.ADXL_SPI_Setup
                0x08000510       0xf8 FLASH_RUN/adxl345.o
                0x08000510                ADXL_SPI_Setup
 .text.ADXL_GetACC
                0x08000608       0x3a FLASH_RUN/adxl345.o
                0x08000608                ADXL_GetACC
 *fill*         0x08000642        0x2 00
 .text.I2C1_EV_IRQHandler
                0x08000644       0xd4 FLASH_RUN/itg3200.o
                0x08000644                I2C1_EV_IRQHandler
 .text.I2C2_ER_IRQHandler
                0x08000718       0x24 FLASH_RUN/itg3200.o
                0x08000718                I2C2_ER_IRQHandler
 .text.ITG_Write
                0x0800073c       0x3c FLASH_RUN/itg3200.o
                0x0800073c                ITG_Write
 .text.ITG_Read
                0x08000778       0x3c FLASH_RUN/itg3200.o
                0x08000778                ITG_Read
 .text.ITG_GetRate
                0x080007b4       0x88 FLASH_RUN/itg3200.o
                0x080007b4                ITG_GetRate
 *fill*         0x0800083c        0x4 00
 .text.ITG_GetRAD
                0x08000840       0x60 FLASH_RUN/itg3200.o
                0x08000840                ITG_GetRAD
 .text.ITG_I2C_Setup
                0x080008a0       0xb8 FLASH_RUN/itg3200.o
                0x080008a0                ITG_I2C_Setup
 .text.LED_Init
                0x08000958       0x20 FLASH_RUN/led.o
                0x08000958                LED_Init
 .text.UART_Puts
                0x08000978       0x2c FLASH_RUN/uart.o
                0x08000978                UART_Puts
 .text.UART_Protocol_Init
                0x080009a4       0x94 FLASH_RUN/uart.o
                0x080009a4                UART_Protocol_Init
 .text.USART1_IRQHandler
                0x08000a38       0x38 FLASH_RUN/uart.o
                0x08000a38                USART1_IRQHandler
 .text.SERVO_Init
                0x08000a70       0xc4 FLASH_RUN/servo.o
                0x08000a70                SERVO_Init
 .text.fast_atan2
                0x08000b34       0xb0 FLASH_RUN/attitude_observer.o
 .text.attitude_observer_init
                0x08000be4       0x38 FLASH_RUN/attitude_observer.o
                0x08000be4                attitude_observer_init
 .text.attitude_observer_predict
                0x08000c1c       0xa8 FLASH_RUN/attitude_observer.o
                0x08000c1c                attitude_observer_predict
 *fill*         0x08000cc4        0x4 00
 .text.attitude_observer_correct_accel
                0x08000cc8       0xd8 FLASH_RUN/attitude_observer.o
                0x08000cc8                attitude_observer_correct_accel
 .text.attitude_observer_get_angles
                0x08000da0       0x30 FLASH_RUN/attitude_observer.o
                0x08000da0                attitude_observer_get_angles
 .text.KALMAN_Task
                0x08000dd0       0x80 FLASH_RUN/kalman_task.o
                0x08000dd0                KALMAN_Task
 .text.put_logview
                0x08000e50      0x198 FLASH_RUN/protocol_task.o
                0x08000e50                put_logview
 .text.PROTOCOL_Task
                0x08000fe8        0xe FLASH_RUN/protocol_task.o
                0x08000fe8                PROTOCOL_Task
 *fill*         0x08000ff6        0x2 00
 .text.LED_Task
                0x08000ff8       0x38 FLASH_RUN/led_task.o
                0x08000ff8                LED_Task
 .text.CONTROL_Task
                0x08001030       0x80 FLASH_RUN/control_task.o
                0x08001030                CONTROL_Task
 .text.GPIO_Init
                0x080010b0       0x9e FLASH_RUN/stm32f10x_gpio.o
                0x080010b0                GPIO_Init
 .text.GPIO_SetBits
                0x0800114e        0x4 FLASH_RUN/stm32f10x_gpio.o
                0x0800114e                GPIO_SetBits
 .text.GPIO_ResetBits
                0x08001152        0x4 FLASH_RUN/stm32f10x_gpio.o
                0x08001152                GPIO_ResetBits
 .text.GPIO_WriteBit
                0x08001156        0xa FLASH_RUN/stm32f10x_gpio.o
                0x08001156                GPIO_WriteBit
 .text.USART_Init
                0x08001160       0xb8 FLASH_RUN/stm32f10x_usart.o
                0x08001160                USART_Init
 .text.USART_Cmd
                0x08001218       0x1a FLASH_RUN/stm32f10x_usart.o
                0x08001218                USART_Cmd
 .text.USART_ITConfig
                0x08001232       0x36 FLASH_RUN/stm32f10x_usart.o
                0x08001232                USART_ITConfig
 .text.USART_SendData
                0x08001268        0x8 FLASH_RUN/stm32f10x_usart.o
                0x08001268                USART_SendData
 .text.USART_ReceiveData
                0x08001270        0x8 FLASH_RUN/stm32f10x_usart.o
                0x08001270                USART_ReceiveData
 .text.USART_GetFlagStatus
                0x08001278        0xc FLASH_RUN/stm32f10x_usart.o
                0x08001278                USART_GetFlagStatus
 .text.USART_GetITStatus
                0x08001284       0x40 FLASH_RUN/stm32f10x_usart.o
                0x08001284                USART_GetITStatus
 .text.SPI_Init
                0x080012c4       0x42 FLASH_RUN/stm32f10x_spi.o
                0x080012c4                SPI_Init
 .text.SPI_Cmd  0x08001306       0x1a FLASH_RUN/stm32f10x_spi.o
                0x08001306                SPI_Cmd
 .text.SPI_I2S_SendData
                0x08001320        0x4 FLASH_RUN/stm32f10x_spi.o
                0x08001320                SPI_I2S_SendData
 .text.SPI_I2S_ReceiveData
                0x08001324        0x6 FLASH_RUN/stm32f10x_spi.o
                0x08001324                SPI_I2S_ReceiveData
 .text.SPI_I2S_GetFlagStatus
                0x0800132a        0xc FLASH_RUN/stm32f10x_spi.o
                0x0800132a                SPI_I2S_GetFlagStatus
 *fill*         0x08001336        0x2 00
 .text.I2C_Init
                0x08001338       0xd8 FLASH_RUN/stm32f10x_i2c.o
                0x08001338                I2C_Init
 .text.I2C_Cmd  0x08001410       0x1a FLASH_RUN/stm32f10x_i2c.o
                0x08001410                I2C_Cmd
 .text.I2C_GenerateSTART
                0x0800142a       0x1a FLASH_RUN/stm32f10x_i2c.o
                0x0800142a                I2C_GenerateSTART
 .text.I2C_GenerateSTOP
                0x08001444       0x1a FLASH_RUN/stm32f10x_i2c.o
                0x08001444                I2C_GenerateSTOP
 .text.I2C_ITConfig
                0x0800145e       0x16 FLASH_RUN/stm32f10x_i2c.o
                0x0800145e                I2C_ITConfig
 .text.I2C_SendData
                0x08001474        0x4 FLASH_RUN/stm32f10x_i2c.o
                0x08001474                I2C_SendData
 .text.I2C_ReceiveData
                0x08001478        0x6 FLASH_RUN/stm32f10x_i2c.o
                0x08001478                I2C_ReceiveData
 .text.I2C_Send7bitAddress
                0x0800147e       0x10 FLASH_RUN/stm32f10x_i2c.o
                0x0800147e                I2C_Send7bitAddress
 .text.I2C_GetLastEvent
                0x0800148e       0x10 FLASH_RUN/stm32f10x_i2c.o
                0x0800148e                I2C_GetLastEvent
 .text.I2C_GetITStatus
                0x0800149e       0x1c FLASH_RUN/stm32f10x_i2c.o
                0x0800149e                I2C_GetITStatus
 .text.I2C_ClearITPendingBit
                0x080014ba        0x8 FLASH_RUN/stm32f10x_i2c.o
                0x080014ba                I2C_ClearITPendingBit
 *fill*         0x080014c2        0x2 00
 .text.RCC_DeInit
                0x080014c4       0x40 FLASH_RUN/stm32f10x_rcc.o
                0x080014c4                RCC_DeInit
 .text.RCC_HSICmd
                0x08001504        0xc FLASH_RUN/stm32f10x_rcc.o
                0x08001504                RCC_HSICmd
 .text.RCC_PLLConfig
                0x08001510       0x18 FLASH_RUN/stm32f10x_rcc.o
                0x08001510                RCC_PLLConfig
 .text.RCC_PLLCmd
                0x08001528        0xc FLASH_RUN/stm32f10x_rcc.o
                0x08001528                RCC_PLLCmd
 .text.RCC_SYSCLKConfig
                0x08001534       0x14 FLASH_RUN/stm32f10x_rcc.o
                0x08001534                RCC_SYSCLKConfig
 .text.RCC_GetSYSCLKSource
                0x08001548       0x10 FLASH_RUN/stm32f10x_rcc.o
                0x08001548                RCC_GetSYSCLKSource
 .text.RCC_HCLKConfig
                0x08001558       0x14 FLASH_RUN/stm32f10x_rcc.o
                0x08001558                RCC_HCLKConfig
 .text.RCC_PCLK1Config
                0x0800156c       0x14 FLASH_RUN/stm32f10x_rcc.o
                0x0800156c                RCC_PCLK1Config
 .text.RCC_PCLK2Config
                0x08001580       0x14 FLASH_RUN/stm32f10x_rcc.o
                0x08001580                RCC_PCLK2Config
 .text.RCC_GetClocksFreq
                0x08001594       0x98 FLASH_RUN/stm32f10x_rcc.o
                0x08001594                RCC_GetClocksFreq
 .text.RCC_APB2PeriphClockCmd
                0x0800162c       0x18 FLASH_RUN/stm32f10x_rcc.o
                0x0800162c                RCC_APB2PeriphClockCmd
 .text.RCC_APB1PeriphClockCmd
                0x08001644       0x18 FLASH_RUN/stm32f10x_rcc.o
                0x08001644                RCC_APB1PeriphClockCmd
 .text.RCC_GetFlagStatus
                0x0800165c       0x28 FLASH_RUN/stm32f10x_rcc.o
                0x0800165c                RCC_GetFlagStatus
 .text.FLASH_SetLatency
                0x08001684       0x14 FLASH_RUN/stm32f10x_flash.o
                0x08001684                FLASH_SetLatency
 .text.TIM_TimeBaseInit
                0x08001698       0xac FLASH_RUN/stm32f10x_tim.o
                0x08001698                TIM_TimeBaseInit
 .text.TIM_OC1Init
                0x08001744       0xa4 FLASH_RUN/stm32f10x_tim.o
                0x08001744                TIM_OC1Init
 .text.TIM_OC2Init
                0x080017e8       0x90 FLASH_RUN/stm32f10x_tim.o
                0x080017e8                TIM_OC2Init
 .text.TIM_OC3Init
                0x08001878       0x8c FLASH_RUN/stm32f10x_tim.o
                0x08001878                TIM_OC3Init
 .text.TIM_OC4Init
                0x08001904       0x70 FLASH_RUN/stm32f10x_tim.o
                0x08001904                TIM_OC4Init
 .text.TIM_Cmd  0x08001974       0x1a FLASH_RUN/stm32f10x_tim.o
                0x08001974                TIM_Cmd
 .text.TIM_ARRPreloadConfig
                0x0800198e       0x1a FLASH_RUN/stm32f10x_tim.o
                0x0800198e                TIM_ARRPreloadConfig
 .text.TIM_OC1PreloadConfig
                0x080019a8       0x12 FLASH_RUN/stm32f10x_tim.o
                0x080019a8                TIM_OC1PreloadConfig
 .text.TIM_OC2PreloadConfig
                0x080019ba       0x14 FLASH_RUN/stm32f10x_tim.o
                0x080019ba                TIM_OC2PreloadConfig
 .text.TIM_OC3PreloadConfig
                0x080019ce       0x12 FLASH_RUN/stm32f10x_tim.o
                0x080019ce                TIM_OC3PreloadConfig
 .text.TIM_OC4PreloadConfig
                0x080019e0       0x14 FLASH_RUN/stm32f10x_tim.o
                0x080019e0                TIM_OC4PreloadConfig
 .text.NVIC_PriorityGroupConfig
                0x080019f4       0x14 FLASH_RUN/misc.o
                0x080019f4                NVIC_PriorityGroupConfig
 .text.NVIC_Init
                0x08001a08       0x64 FLASH_RUN/misc.o
                0x08001a08                NVIC_Init
 .text.vListInitialise
                0x08001a6c       0x16 FLASH_RUN/list.o
                0x08001a6c                vListInitialise
 .text.vListInitialiseItem
                0x08001a82        0x6 FLASH_RUN/list.o
                0x08001a82                vListInitialiseItem
 .text.vListInsertEnd
                0x08001a88       0x1a FLASH_RUN/list.o
                0x08001a88                vListInsertEnd
 .text.vListInsert
                0x08001aa2       0x32 FLASH_RUN/list.o
                0x08001aa2                vListInsert
 .text.vListRemove
                0x08001ad4       0x20 FLASH_RUN/list.o
                0x08001ad4                vListRemove
 .text.xTaskGenericCreate
                0x08001af4      0x1b4 FLASH_RUN/tasks.o
                0x08001af4                xTaskGenericCreate
 .text.vTaskStartScheduler
                0x08001ca8       0x4c FLASH_RUN/tasks.o
                0x08001ca8                vTaskStartScheduler
 .text.vTaskSuspendAll
                0x08001cf4       0x10 FLASH_RUN/tasks.o
                0x08001cf4                vTaskSuspendAll
 .text.vTaskIncrementTick
                0x08001d04       0xa0 FLASH_RUN/tasks.o
                0x08001d04                vTaskIncrementTick
 .text.xTaskResumeAll
                0x08001da4       0xc4 FLASH_RUN/tasks.o
                0x08001da4                xTaskResumeAll
 .text.prvIdleTask
                0x08001e68       0x64 FLASH_RUN/tasks.o
 .text.vTaskDelay
                0x08001ecc       0x54 FLASH_RUN/tasks.o
                0x08001ecc                vTaskDelay
 .text.vTaskSwitchContext
                0x08001f20       0xb8 FLASH_RUN/tasks.o
                0x08001f20                vTaskSwitchContext
 .text.pxPortInitialiseStack
                0x08001fd8       0x20 FLASH_RUN/port.o
                0x08001fd8                pxPortInitialiseStack
 .text.vPortSVCHandler
                0x08001ff8       0x20 FLASH_RUN/port.o
                0x08001ff8                vPortSVCHandler
 .text.vPortStartFirstTask
                0x08002018       0x10 FLASH_RUN/port.o
                0x08002018                vPortStartFirstTask
 .text.xPortStartScheduler
                0x08002028       0x3c FLASH_RUN/port.o
                0x08002028                xPortStartScheduler
 .text.vPortYieldFromISR
                0x08002064       0x10 FLASH_RUN/port.o
                0x08002064                vPortYieldFromISR
 .text.vPortEnterCritical
                0x08002074       0x18 FLASH_RUN/port.o
                0x08002074                vPortEnterCritical
 .text.vPortExitCritical
                0x0800208c       0x18 FLASH_RUN/port.o
                0x0800208c                vPortExitCritical
 .text.xPortPendSVHandler
                0x080020a4       0x3c FLASH_RUN/port.o
                0x080020a4                xPortPendSVHandler
 .text.xPortSysTickHandler
                0x080020e0       0x24 FLASH_RUN/port.o
                0x080020e0                xPortSysTickHandler
 .text.pvPortMalloc
                0x08002104       0xb0 FLASH_RUN/heap_2.o
                0x08002104                pvPortMalloc
 .text.vPortFree
                0x080021b4       0x40 FLASH_RUN/heap_2.o
                0x080021b4                vPortFree
 .text.__Init_Data_and_BSS
                0x080021f4       0x40 FLASH_RUN/startup_stm32f10x_md_mthomas.o
                0x080021f4                __Init_Data_and_BSS
 .text.Reset_Handler
                0x08002234       0x18 FLASH_RUN/startup_stm32f10x_md_mthomas.o
                0x08002234                Reset_Handler
 .text.Default_Handler
                0x0800224c        0x2 FLASH_RUN/startup_stm32f10x_md_mthomas.o
                0x0800224c                EXTI2_IRQHandler
                0x0800224c                TIM1_CC_IRQHandler
                0x0800224c                PVD_IRQHandler
                0x0800224c                EXTI3_IRQHandler
                0x0800224c                EXTI0_IRQHandler
                0x0800224c                I2C2_EV_IRQHandler
                0x0800224c                ADC1_2_IRQHandler
                0x0800224c                SPI1_IRQHandler
                0x0800224c                TAMPER_IRQHandler
                0x0800224c                DMA1_Channel4_IRQHandler
                0x0800224c                USART3_IRQHandler
                0x0800224c                RTC_IRQHandler
                0x0800224c                DMA1_Channel7_IRQHandler
                0x0800224c                CAN1_RX1_IRQHandler
                0x0800224c                TIM4_IRQHandler
                0x0800224c                DMA1_Channel6_IRQHandler
                0x0800224c                TIM3_IRQHandler
                0x0800224c                RCC_IRQHandler
                0x0800224c                TIM1_TRG_COM_IRQHandler
                0x0800224c                DMA1_Channel1_IRQHandler
                0x0800224c                Default_Handler
                0x0800224c                EXTI15_10_IRQHandler
                0x0800224c                EXTI9_5_IRQHandler
                0x0800224c                SPI2_IRQHandler
                0x0800224c                DMA1_Channel5_IRQHandler
                0x0800224c                EXTI4_IRQHandler
                0x0800224c                USB_LP_CAN1_RX0_IRQHandler
                0x0800224c                USB_HP_CAN1_TX_IRQHandler
                0x0800224c                DMA1_Channel3_IRQHandler
                0x0800224c                TIM1_UP_IRQHandler
                0x0800224c                WWDG_IRQHandler
                0x0800224c                TIM2_IRQHandler
                0x0800224c                TIM1_BRK_IRQHandler
                0x0800224c                EXTI1_IRQHandler
                0x0800224c                RTCAlarm_IRQHandler
                0x0800224c                USART2_IRQHandler
                0x0800224c                DMA1_Channel2_IRQHandler
                0x0800224c                CAN1_SCE_IRQHandler
                0x0800224c                FLASH_IRQHandler
                0x0800224c                I2C1_ER_IRQHandler
                0x0800224c                MMI_Handler
                0x0800224c                USBWakeUp_IRQHandler
 .text.__get_MSP
                0x0800224e        0x8 FLASH_RUN/core_cm3.o
                0x0800224e                __get_MSP
 *fill*         0x08002256        0x2 00
 .text.SystemInit
                0x08002258       0x40 FLASH_RUN/system_stm32f10x.o
                0x08002258                SystemInit
 .text          0x08002298       0x10 c:/program files (x86)/codesourcery/sourcery g++ lite/bin/../lib/gcc/arm-none-eabi/4.5.1/../../../../arm-none-eabi/lib/thumb2\libc.a(lib_a-abort.o)
                0x08002298                abort
 .text          0x080022a8      0x150 c:/program files (x86)/codesourcery/sourcery g++ lite/bin/../lib/gcc/arm-none-eabi/4.5.1/../../../../arm-none-eabi/lib/thumb2\libc.a(lib_a-memcpy.o)
                0x080022a8                memcpy
 .text          0x080023f8       0xb4 c:/program files (x86)/codesourcery/sourcery g++ lite/bin/../lib/gcc/arm-none-eabi/4.5.1/../../../../arm-none-eabi/lib/thumb2\libc.a(lib_a-memset.o)
                0x080023f8                memset
 .text          0x080024ac      0x154 c:/program files (x86)/codesourcery/sourcery g++ lite/bin/../lib/gcc/arm-none-eabi/4.5.1/../../../../arm-none-eabi/lib/thumb2\libc.a(lib_a-signal.o)
                0x080024ac                _init_signal_r
                0x080024dc                _signal_r
                0x08002518                _raise_r
                0x08002570                __sigtramp_r
                0x080025c4                raise
                0x080025d4                signal
                0x080025e4                _init_signal
                0x080025f0                __sigtramp
 .text          0x08002600       0x30 c:/program files (x86)/codesourcery/sourcery g++ lite/bin/../lib/gcc/arm-none-eabi/4.5.1/../../../../arm-none-eabi/lib/thumb2\libc.a(lib_a-signalr.o)
                0x08002600                _kill_r
                0x0800262c                _getpid_r
 .text          0x08002630       0x94 c:/program files (x86)/codesourcery/sourcery g++ lite/bin/../lib/gcc/arm-none-eabi/4.5.1/../../../../arm-none-eabi/lib/thumb2\libc.a(lib_a-sprintf.o)
                0x08002630                _sprintf_r
                0x08002674                sprintf
 .text          0x080026c4       0x7c c:/program files (x86)/codesourcery/sourcery g++ lite/bin/../lib/gcc/arm-none-eabi/4.5.1/../../../../arm-none-eabi/lib/thumb2\libc.a(lib_a-strncpy.o)
                0x080026c4                strncpy
 .text          0x08002740     0x1658 c:/program files (x86)/codesourcery/sourcery g++ lite/bin/../lib/gcc/arm-none-eabi/4.5.1/../../../../arm-none-eabi/lib/thumb2\libc.a(lib_a-svfprintf.o)
                0x08002740                _svfprintf_r
 .text          0x08003d98     0x1000 c:/program files (x86)/codesourcery/sourcery g++ lite/bin/../lib/gcc/arm-none-eabi/4.5.1/../../../../arm-none-eabi/lib/thumb2\libc.a(lib_a-dtoa.o)
                0x08003ec4                _dtoa_r
 .text          0x08004d98      0x240 c:/program files (x86)/codesourcery/sourcery g++ lite/bin/../lib/gcc/arm-none-eabi/4.5.1/../../../../arm-none-eabi/lib/thumb2\libc.a(lib_a-freer.o)
                0x08004d98                _malloc_trim_r
                0x08004e40                _free_r
 .text          0x08004fd8       0xa0 c:/program files (x86)/codesourcery/sourcery g++ lite/bin/../lib/gcc/arm-none-eabi/4.5.1/../../../../arm-none-eabi/lib/thumb2\libc.a(lib_a-locale.o)
                0x08004fd8                _setlocale_r
                0x08005034                __locale_charset
                0x08005040                __locale_mb_cur_max
                0x0800504c                __locale_msgcharset
                0x08005054                __locale_cjk_lang
                0x08005058                _localeconv_r
                0x08005060                setlocale
                0x08005070                localeconv
 .text          0x08005078       0x20 c:/program files (x86)/codesourcery/sourcery g++ lite/bin/../lib/gcc/arm-none-eabi/4.5.1/../../../../arm-none-eabi/lib/thumb2\libc.a(lib_a-malloc.o)
                0x08005078                malloc
                0x08005088                free
 .text          0x08005098      0x57c c:/program files (x86)/codesourcery/sourcery g++ lite/bin/../lib/gcc/arm-none-eabi/4.5.1/../../../../arm-none-eabi/lib/thumb2\libc.a(lib_a-mallocr.o)
                0x08005098                _malloc_r
 .text          0x08005614       0x88 c:/program files (x86)/codesourcery/sourcery g++ lite/bin/../lib/gcc/arm-none-eabi/4.5.1/../../../../arm-none-eabi/lib/thumb2\libc.a(lib_a-memchr.o)
                0x08005614                memchr
 .text          0x0800569c        0x8 c:/program files (x86)/codesourcery/sourcery g++ lite/bin/../lib/gcc/arm-none-eabi/4.5.1/../../../../arm-none-eabi/lib/thumb2\libc.a(lib_a-mlock.o)
                0x0800569c                __malloc_lock
                0x080056a0                __malloc_unlock
 .text          0x080056a4      0x920 c:/program files (x86)/codesourcery/sourcery g++ lite/bin/../lib/gcc/arm-none-eabi/4.5.1/../../../../arm-none-eabi/lib/thumb2\libc.a(lib_a-mprec.o)
                0x080056a4                _Balloc
                0x0800570c                _Bfree
                0x08005744                __multadd
                0x080057c8                __s2b
                0x0800585c                __hi0bits
                0x0800589c                __lo0bits
                0x08005900                __i2b
                0x08005914                __multiply
                0x08005a3c                __pow5mult
                0x08005ae0                __lshift
                0x08005b8c                __mcmp
                0x08005bc8                __mdiff
                0x08005cc0                __ulp
                0x08005d08                __b2d
                0x08005db4                __d2b
                0x08005e7c                __ratio
                0x08005eec                _mprec_log10
                0x08005f20                __copybits
                0x08005f68                __any_on
 .text          0x08005fc4       0x90 c:/program files (x86)/codesourcery/sourcery g++ lite/bin/../lib/gcc/arm-none-eabi/4.5.1/../../../../arm-none-eabi/lib/thumb2\libc.a(lib_a-s_fpclassify.o)
                0x08005fc4                __fpclassifyd
 .text          0x08006054       0x28 c:/program files (x86)/codesourcery/sourcery g++ lite/bin/../lib/gcc/arm-none-eabi/4.5.1/../../../../arm-none-eabi/lib/thumb2\libc.a(lib_a-sbrkr.o)
                0x08006054                _sbrk_r
 .text          0x0800607c      0x1dc c:/program files (x86)/codesourcery/sourcery g++ lite/bin/../lib/gcc/arm-none-eabi/4.5.1/../../../../arm-none-eabi/lib/thumb2\libc.a(lib_a-strcmp.o)
                0x0800607c                strcmp
 .text          0x08006258       0x60 c:/program files (x86)/codesourcery/sourcery g++ lite/bin/../lib/gcc/arm-none-eabi/4.5.1/../../../../arm-none-eabi/lib/thumb2\libc.a(lib_a-strlen.o)
                0x08006258                strlen
 .text          0x080062b8      0xbe4 c:/program files (x86)/codesourcery/sourcery g++ lite/bin/../lib/gcc/arm-none-eabi/4.5.1/../../../../arm-none-eabi/lib/thumb2\libc.a(lib_a-svfiprintf.o)
                0x080062b8                __ssprint_r
                0x080063c0                _svfiprintf_r
 .text          0x08006e9c       0x5c c:/program files (x86)/codesourcery/sourcery g++ lite/bin/../lib/gcc/arm-none-eabi/4.5.1/../../../../arm-none-eabi/lib/thumb2\libc.a(lib_a-callocr.o)
                0x08006e9c                _calloc_r
 .text          0x08006ef8       0xa0 c:/program files (x86)/codesourcery/sourcery g++ lite/bin/../lib/gcc/arm-none-eabi/4.5.1/../../../../arm-none-eabi/lib/thumb2\libc.a(lib_a-memmove.o)
                0x08006ef8                memmove
 .text          0x08006f98      0x41c c:/program files (x86)/codesourcery/sourcery g++ lite/bin/../lib/gcc/arm-none-eabi/4.5.1/../../../../arm-none-eabi/lib/thumb2\libc.a(lib_a-reallocr.o)
                0x08006f98                _realloc_r
 *fill*         0x080073b4        0x4 00
 .text          0x080073b8      0x278 c:/program files (x86)/codesourcery/sourcery g++ lite/bin/../lib/gcc/arm-none-eabi/4.5.1/thumb2\libgcc.a(_udivsi3.o)
                0x080073b8                __aeabi_uidiv
                0x080073b8                __udivsi3
                0x08007614                __aeabi_uidivmod
 .text          0x08007630        0x4 c:/program files (x86)/codesourcery/sourcery g++ lite/bin/../lib/gcc/arm-none-eabi/4.5.1/thumb2\libgcc.a(_dvmd_tls.o)
                0x08007630                __aeabi_idiv0
                0x08007630                __aeabi_ldiv0
 .text          0x08007634      0x370 c:/program files (x86)/codesourcery/sourcery g++ lite/bin/../lib/gcc/arm-none-eabi/4.5.1/thumb2\libgcc.a(_arm_addsubdf3.o)
                0x08007634                __aeabi_drsub
                0x0800763c                __aeabi_dsub
                0x0800763c                __subdf3
                0x08007640                __aeabi_dadd
                0x08007640                __adddf3
                0x080078b8                __floatunsidf
                0x080078b8                __aeabi_ui2d
                0x080078d8                __floatsidf
                0x080078d8                __aeabi_i2d
                0x080078fc                __aeabi_f2d
                0x080078fc                __extendsfdf2
                0x08007938                __floatundidf
                0x08007938                __aeabi_ul2d
                0x08007948                __floatdidf
                0x08007948                __aeabi_l2d
 .text          0x080079a4      0x424 c:/program files (x86)/codesourcery/sourcery g++ lite/bin/../lib/gcc/arm-none-eabi/4.5.1/thumb2\libgcc.a(_arm_muldivdf3.o)
                0x080079a4                __aeabi_dmul
                0x080079a4                __muldf3
                0x08007bf8                __divdf3
                0x08007bf8                __aeabi_ddiv
 .text          0x08007dc8      0x110 c:/program files (x86)/codesourcery/sourcery g++ lite/bin/../lib/gcc/arm-none-eabi/4.5.1/thumb2\libgcc.a(_arm_cmpdf2.o)
                0x08007dc8                __gtdf2
                0x08007dc8                __gedf2
                0x08007dd0                __ltdf2
                0x08007dd0                __ledf2
                0x08007dd8                __nedf2
                0x08007dd8                __eqdf2
                0x08007dd8                __cmpdf2
                0x08007e54                __aeabi_cdrcmple
                0x08007e64                __aeabi_cdcmpeq
                0x08007e64                __aeabi_cdcmple
                0x08007e74                __aeabi_dcmpeq
                0x08007e88                __aeabi_dcmplt
                0x08007e9c                __aeabi_dcmple
                0x08007eb0                __aeabi_dcmpge
                0x08007ec4                __aeabi_dcmpgt
 .text          0x08007ed8       0x50 c:/program files (x86)/codesourcery/sourcery g++ lite/bin/../lib/gcc/arm-none-eabi/4.5.1/thumb2\libgcc.a(_arm_fixdfsi.o)
                0x08007ed8                __aeabi_d2iz
                0x08007ed8                __fixdfsi
 .text          0x08007f28       0xa0 c:/program files (x86)/codesourcery/sourcery g++ lite/bin/../lib/gcc/arm-none-eabi/4.5.1/thumb2\libgcc.a(_arm_truncdfsf2.o)
                0x08007f28                __truncdfsf2
                0x08007f28                __aeabi_d2f
 .text          0x08007fc8      0x21c c:/program files (x86)/codesourcery/sourcery g++ lite/bin/../lib/gcc/arm-none-eabi/4.5.1/thumb2\libgcc.a(_arm_addsubsf3.o)
                0x08007fc8                __aeabi_frsub
                0x08007fd0                __subsf3
                0x08007fd0                __aeabi_fsub
                0x08007fd4                __aeabi_fadd
                0x08007fd4                __addsf3
                0x08008134                __aeabi_ui2f
                0x08008134                __floatunsisf
                0x0800813c                __aeabi_i2f
                0x0800813c                __floatsisf
                0x08008158                __aeabi_ul2f
                0x08008158                __floatundisf
                0x08008168                __aeabi_l2f
                0x08008168                __floatdisf
 .text          0x080081e4      0x2a0 c:/program files (x86)/codesourcery/sourcery g++ lite/bin/../lib/gcc/arm-none-eabi/4.5.1/thumb2\libgcc.a(_arm_muldivsf3.o)
                0x080081e4                __mulsf3
                0x080081e4                __aeabi_fmul
                0x0800834c                __aeabi_fdiv
                0x0800834c                __divsf3
 .text          0x08008484       0xec c:/program files (x86)/codesourcery/sourcery g++ lite/bin/../lib/gcc/arm-none-eabi/4.5.1/thumb2\libgcc.a(_arm_cmpsf2.o)
                0x08008484                __gesf2
                0x08008484                __gtsf2
                0x0800848c                __lesf2
                0x0800848c                __ltsf2
                0x08008494                __nesf2
                0x08008494                __eqsf2
                0x08008494                __cmpsf2
                0x080084f4                __aeabi_cfrcmple
                0x080084fc                __aeabi_cfcmpeq
                0x080084fc                __aeabi_cfcmple
                0x0800850c                __aeabi_fcmpeq
                0x08008520                __aeabi_fcmplt
                0x08008534                __aeabi_fcmple
                0x08008548                __aeabi_fcmpge
                0x0800855c                __aeabi_fcmpgt
 .text          0x08008570       0x4c c:/program files (x86)/codesourcery/sourcery g++ lite/bin/../lib/gcc/arm-none-eabi/4.5.1/thumb2\libgcc.a(_arm_fixsfsi.o)
                0x08008570                __aeabi_f2iz
                0x08008570                __fixsfsi
 .text          0x080085bc       0x2c c:/program files (x86)/codesourcery/sourcery g++ lite/bin/../lib/gcc/arm-none-eabi/4.5.1/thumb2\libgcc.a(_aeabi_uldivmod.o)
                0x080085bc                __aeabi_uldivmod
 .text          0x080085e8       0x60 c:/program files (x86)/codesourcery/sourcery g++ lite/bin/../lib/gcc/arm-none-eabi/4.5.1/thumb2\libgcc.a(bpabi.o)
                0x080085e8                __gnu_ldivmod_helper
                0x08008618                __gnu_uldivmod_helper
 .text          0x08008648      0x364 c:/program files (x86)/codesourcery/sourcery g++ lite/bin/../lib/gcc/arm-none-eabi/4.5.1/thumb2\libgcc.a(_divdi3.o)
                0x08008648                __divdi3
 .text          0x080089ac      0x314 c:/program files (x86)/codesourcery/sourcery g++ lite/bin/../lib/gcc/arm-none-eabi/4.5.1/thumb2\libgcc.a(_udivdi3.o)
                0x080089ac                __udivdi3
 *(.plt)
 *(.gnu.warning)
 *(.glue_7t)
 .glue_7t       0x00000000        0x0 linker stubs
 *(.glue_7)
 .glue_7        0x00000000        0x0 linker stubs
 *(.vfp11_veneer)
 .vfp11_veneer  0x00000000        0x0 linker stubs
 *(.ARM.extab* .gnu.linkonce.armextab.*)
 *(.gcc_except_table)

.v4_bx          0x08008cc0        0x0
 .v4_bx         0x00000000        0x0 linker stubs

.eh_frame_hdr
 *(.eh_frame_hdr)

.eh_frame
 *(.eh_frame)
                0x08008cc0                __exidx_start = .

.ARM.exidx      0x08008cc0        0x8
 *(.ARM.exidx* .gnu.linkonce.armexidx.*)
 .ARM.exidx     0x08008cc0        0x8 c:/program files (x86)/codesourcery/sourcery g++ lite/bin/../lib/gcc/arm-none-eabi/4.5.1/thumb2\libgcc.a(_divdi3.o)
 .ARM.exidx     0x08008cc8        0x0 c:/program files (x86)/codesourcery/sourcery g++ lite/bin/../lib/gcc/arm-none-eabi/4.5.1/thumb2\libgcc.a(_udivdi3.o)
                                  0x8 (size before relaxing)
                0x08008cc8                __exidx_end = .

.rodata         0x08008cc8      0x280
 *(.rodata .rodata.* .gnu.linkonce.r.*)
 .rodata.str1.1
                0x08008cc8       0x84 FLASH_RUN/main.o
 .rodata.str1.1
                0x08008d4c       0x16 FLASH_RUN/protocol_task.o
 .rodata.str1.1
                0x08008d62       0x17 FLASH_RUN/tasks.o
                                 0x1a (size before relaxing)
 *fill*         0x08008d79        0x3 00
 .rodata        0x08008d7c       0x20 c:/program files (x86)/codesourcery/sourcery g++ lite/bin/../lib/gcc/arm-none-eabi/4.5.1/../../../../arm-none-eabi/lib/thumb2\libc.a(lib_a-svfprintf.o)
 .rodata.str1.4
                0x08008d9c       0x42 c:/program files (x86)/codesourcery/sourcery g++ lite/bin/../lib/gcc/arm-none-eabi/4.5.1/../../../../arm-none-eabi/lib/thumb2\libc.a(lib_a-svfprintf.o)
                                 0x44 (size before relaxing)
 *fill*         0x08008dde        0x2 00
 .rodata.str1.4
                0x08008de0       0x10 c:/program files (x86)/codesourcery/sourcery g++ lite/bin/../lib/gcc/arm-none-eabi/4.5.1/../../../../arm-none-eabi/lib/thumb2\libc.a(lib_a-dtoa.o)
                                 0x14 (size before relaxing)
 .rodata.str1.4
                0x08008df0        0x2 c:/program files (x86)/codesourcery/sourcery g++ lite/bin/../lib/gcc/arm-none-eabi/4.5.1/../../../../arm-none-eabi/lib/thumb2\libc.a(lib_a-impure.o)
                                  0x4 (size before relaxing)
 *fill*         0x08008df2        0x2 00
 .rodata.str1.4
                0x08008df4        0xc c:/program files (x86)/codesourcery/sourcery g++ lite/bin/../lib/gcc/arm-none-eabi/4.5.1/../../../../arm-none-eabi/lib/thumb2\libc.a(lib_a-locale.o)
                                 0x14 (size before relaxing)
 .rodata        0x08008e00      0x128 c:/program files (x86)/codesourcery/sourcery g++ lite/bin/../lib/gcc/arm-none-eabi/4.5.1/../../../../arm-none-eabi/lib/thumb2\libc.a(lib_a-mprec.o)
                0x08008e10                __mprec_tens
                0x08008ed8                __mprec_bigtens
                0x08008f00                __mprec_tinytens
 .rodata        0x08008f28       0x20 c:/program files (x86)/codesourcery/sourcery g++ lite/bin/../lib/gcc/arm-none-eabi/4.5.1/../../../../arm-none-eabi/lib/thumb2\libc.a(lib_a-svfiprintf.o)
 .rodata.str1.4
                0x00000000       0x30 c:/program files (x86)/codesourcery/sourcery g++ lite/bin/../lib/gcc/arm-none-eabi/4.5.1/../../../../arm-none-eabi/lib/thumb2\libc.a(lib_a-svfiprintf.o)
                0x08008f48                . = ALIGN (0x4)
 *(.init)
                0x08008f48                . = ALIGN (0x4)
                0x08008f48                __preinit_array_start = .
 *(.preinit_array)
                0x08008f48                __preinit_array_end = .
                0x08008f48                . = ALIGN (0x4)
                0x08008f48                __init_array_start = .
 *(SORT(.init_array.*))
 *(.init_array)
                0x08008f48                __init_array_end = .
                0x08008f48                . = ALIGN (0x4)
 *(.fini)
                0x08008f48                . = ALIGN (0x4)
                0x08008f48                __fini_array_start = .
 *(.fini_array)
 *(SORT(.fini_array.*))
                0x08008f48                __fini_array_end = .
                0x08008f48                . = ALIGN (0x4)
 *crtbegin.o(.ctors)
 *(EXCLUDE_FILE(*crtend.o) .ctors)
 *(SORT(.ctors.*))
 *crtend.o(.ctors)
                0x08008f48                . = ALIGN (0x4)
 *crtbegin.o(.dtors)
 *(EXCLUDE_FILE(*crtend.o) .dtors)
 *(SORT(.dtors.*))
 *crtend.o(.dtors)
 *(.init .init.*)
 *(.fini .fini.*)
                0x08008f48                PROVIDE (__preinit_array_start, .)
 *(.preinit_array)
                0x08008f48                PROVIDE (__preinit_array_end, .)
                0x08008f48                PROVIDE (__init_array_start, .)
 *(SORT(.init_array.*))
 *(.init_array)
                0x08008f48                PROVIDE (__init_array_end, .)
                0x08008f48                PROVIDE (__fini_array_start, .)
 *(.fini_array)
 *(SORT(.fini_array.*))
                0x08008f48                PROVIDE (__fini_array_end, .)
                0x08008f48                . = ALIGN (0x8)
 *(.rom)
 *(.rom.b)
                0x08008f48                _etext = .
                0x08008f48                _sidata = _etext

.data           0x20000000      0x5a0 load address 0x08008f48
                0x20000000                _sdata = .
                0x20000000                . = ALIGN (0x80)
                0x00000000                _isr_vectorsram_offs = (. - 0x20000000)
 *(.isr_vectorsram)
                0x20000000                . = ALIGN (0x4)
 *(.jcr)
 *(.got.plt)
 *(.got)
 *(.shdata)
 *(.data .data.* .gnu.linkonce.d.*)
 .data.ADCPrescTable
                0x20000000        0x4 FLASH_RUN/stm32f10x_rcc.o
 .data.APBAHBPrescTable
                0x20000004       0x10 FLASH_RUN/stm32f10x_rcc.o
 .data.uxPreviousTask
                0x20000014        0x4 FLASH_RUN/tasks.o
 .data.uxCriticalNesting
                0x20000018        0x4 FLASH_RUN/port.o
 .data.xFreeBytesRemaining
                0x2000001c        0x4 FLASH_RUN/heap_2.o
 .data          0x20000020       0xf4 c:/program files (x86)/codesourcery/sourcery g++ lite/bin/../lib/gcc/arm-none-eabi/4.5.1/../../../../arm-none-eabi/lib/thumb2\libc.a(lib_a-impure.o)
                0x20000020                _impure_ptr
 .data          0x20000114       0x7c c:/program files (x86)/codesourcery/sourcery g++ lite/bin/../lib/gcc/arm-none-eabi/4.5.1/../../../../arm-none-eabi/lib/thumb2\libc.a(lib_a-locale.o)
                0x20000134                __mb_cur_max
 .data          0x20000190      0x410 c:/program files (x86)/codesourcery/sourcery g++ lite/bin/../lib/gcc/arm-none-eabi/4.5.1/../../../../arm-none-eabi/lib/thumb2\libc.a(lib_a-mallocr.o)
                0x20000190                __malloc_av_
                0x20000598                __malloc_sbrk_base
                0x2000059c                __malloc_trim_threshold
                0x200005a0                . = ALIGN (0x8)
 *(.ram)
 *(.ramfunc*)
                0x200005a0                . = ALIGN (0x4)
                0x200005a0                _edata = .

.bss            0x200005a0     0x2a30 load address 0x080094e8
                0x200005a0                . = ALIGN (0x4)
                0x200005a0                _sbss = .
 *(.shbss)
 *(.bss .bss.* .gnu.linkonce.b.*)
 .bss.heap_end  0x200005a0        0x4 FLASH_RUN/syscalls.o
 .bss.ITG3200_RX_DATA
                0x200005a4        0x1 FLASH_RUN/itg3200.o
                0x200005a4                ITG3200_RX_DATA
 .bss.ITG3200_REGISTER
                0x200005a5        0x1 FLASH_RUN/itg3200.o
                0x200005a5                ITG3200_REGISTER
 .bss.ITG3200_TX_DATA
                0x200005a6        0x1 FLASH_RUN/itg3200.o
                0x200005a6                ITG3200_TX_DATA
 .bss.ITG3200_BLOCKED
                0x200005a7        0x1 FLASH_RUN/itg3200.o
                0x200005a7                ITG3200_BLOCKED
 .bss.state_magnet
                0x200005a8        0xc FLASH_RUN/attitude_observer.o
 .bss.state_accel
                0x200005b4        0xc FLASH_RUN/attitude_observer.o
 .bss.xPendingReadyList
                0x200005c0       0x14 FLASH_RUN/tasks.o
 .bss.uxTopReadyPriority
                0x200005d4        0x4 FLASH_RUN/tasks.o
 .bss.uxTasksDeleted
                0x200005d8        0x4 FLASH_RUN/tasks.o
 .bss.xTickCount
                0x200005dc        0x4 FLASH_RUN/tasks.o
 .bss.pxReadyTasksLists
                0x200005e0       0x64 FLASH_RUN/tasks.o
 .bss.pxOverflowDelayedTaskList
                0x20000644        0x4 FLASH_RUN/tasks.o
 .bss.xTasksWaitingTermination
                0x20000648       0x14 FLASH_RUN/tasks.o
 .bss.xTracing  0x2000065c        0x4 FLASH_RUN/tasks.o
 .bss.pxDelayedTaskList
                0x20000660        0x4 FLASH_RUN/tasks.o
 .bss.xSchedulerRunning
                0x20000664        0x4 FLASH_RUN/tasks.o
 .bss.xMissedYield
                0x20000668        0x4 FLASH_RUN/tasks.o
 .bss.pcTraceBuffer
                0x2000066c        0x4 FLASH_RUN/tasks.o
 .bss.pxCurrentTCB
                0x20000670        0x4 FLASH_RUN/tasks.o
                0x20000670                pxCurrentTCB
 .bss.xSuspendedTaskList
                0x20000674       0x14 FLASH_RUN/tasks.o
 .bss.uxCurrentNumberOfTasks
                0x20000688        0x4 FLASH_RUN/tasks.o
 .bss.xDelayedTaskList1
                0x2000068c       0x14 FLASH_RUN/tasks.o
 .bss.xDelayedTaskList2
                0x200006a0       0x14 FLASH_RUN/tasks.o
 .bss.uxTaskNumber
                0x200006b4        0x4 FLASH_RUN/tasks.o
 .bss.uxSchedulerSuspended
                0x200006b8        0x4 FLASH_RUN/tasks.o
 .bss.uxMissedTicks
                0x200006bc        0x4 FLASH_RUN/tasks.o
 .bss.pcTraceBufferEnd
                0x200006c0        0x4 FLASH_RUN/tasks.o
 .bss.xNumOfOverflows
                0x200006c4        0x4 FLASH_RUN/tasks.o
 .bss.uxTopUsedPriority
                0x200006c8        0x4 FLASH_RUN/tasks.o
 .bss.xHeapHasBeenInitialised.2029
                0x200006cc        0x4 FLASH_RUN/heap_2.o
 .bss.xHeap     0x200006d0     0x2800 FLASH_RUN/heap_2.o
 .bss.xStart    0x20002ed0        0x8 FLASH_RUN/heap_2.o
 .bss.xEnd      0x20002ed8        0x8 FLASH_RUN/heap_2.o
 .bss           0x20002ee0       0x34 c:/program files (x86)/codesourcery/sourcery g++ lite/bin/../lib/gcc/arm-none-eabi/4.5.1/../../../../arm-none-eabi/lib/thumb2\libc.a(lib_a-mallocr.o)
                0x20002ee0                __malloc_top_pad
                0x20002ee4                __malloc_current_mallinfo
                0x20002f0c                __malloc_max_sbrked_mem
                0x20002f10                __malloc_max_total_mem
 *(COMMON)
 COMMON         0x20002f14       0x68 FLASH_RUN/main.o
                0x20002f14                global_data
 COMMON         0x20002f7c        0x8 FLASH_RUN/itg3200.o
                0x20002f7c                ITG3200_DIR
                0x20002f80                gyro_offset
 COMMON         0x20002f84       0x34 FLASH_RUN/uart.o
                0x20002f84                RX_Insert
                0x20002f85                RX_Buffer
                0x20002fb7                RX_Extract
 COMMON         0x20002fb8       0x14 FLASH_RUN/control_task.o
                0x20002fb8                pidData
 COMMON         0x20002fcc        0x4 c:/program files (x86)/codesourcery/sourcery g++ lite/bin/../lib/gcc/arm-none-eabi/4.5.1/../../../../arm-none-eabi/lib/thumb2\libc.a(lib_a-reent.o)
                0x20002fcc                errno
                0x20002fd0                . = ALIGN (0x8)
 *(.ram.b)
                0x20002fd0                . = ALIGN (0x4)
                0x20002fd0                _ebss = .
                0x20002fd0                _end = .
                0x20002fd0                __end = .

._usrstack      0x20002fd0      0x100 load address 0x080094e8
                0x20002fd0                . = ALIGN (0x4)
                0x20002fd0                _susrstack = .
                0x200030d0                . = (. + _Minimum_Stack_Size)
 *fill*         0x20002fd0      0x100 00
                0x200030d0                . = ALIGN (0x4)
                0x200030d0                _eusrstack = .

.b1text
 *(.b1text)
 *(.b1rodata)
 *(.b1rodata*)

.eb0text
 *(.eb0text)
 *(.eb0rodata)
 *(.eb0rodata*)

.eb1text
 *(.eb1text)
 *(.eb1rodata)
 *(.eb1rodata*)

.eb2text
 *(.eb2text)
 *(.eb2rodata)
 *(.eb2rodata*)

.eb3text
 *(.eb3text)
 *(.eb3rodata)
 *(.eb3rodata*)

.stab
 *(.stab)

.stabstr
 *(.stabstr)

.stab.excl
 *(.stab.excl)

.stab.exclstr
 *(.stab.exclstr)

.stab.index
 *(.stab.index)

.stab.indexstr
 *(.stab.indexstr)

.comment        0x00000000       0x2a
 *(.comment)
 .comment       0x00000000       0x2a FLASH_RUN/main.o
                                 0x2b (size before relaxing)
 .comment       0x00000000       0x2b FLASH_RUN/stm32f10x_it.o
 .comment       0x00000000       0x2b FLASH_RUN/syscalls.o
 .comment       0x00000000       0x2b FLASH_RUN/pid.o
 .comment       0x00000000       0x2b FLASH_RUN/adxl345.o
 .comment       0x00000000       0x2b FLASH_RUN/itg3200.o
 .comment       0x00000000       0x2b FLASH_RUN/led.o
 .comment       0x00000000       0x2b FLASH_RUN/uart.o
 .comment       0x00000000       0x2b FLASH_RUN/servo.o
 .comment       0x00000000       0x2b FLASH_RUN/attitude_observer.o
 .comment       0x00000000       0x2b FLASH_RUN/kalman_task.o
 .comment       0x00000000       0x2b FLASH_RUN/protocol_task.o
 .comment       0x00000000       0x2b FLASH_RUN/led_task.o
 .comment       0x00000000       0x2b FLASH_RUN/control_task.o
 .comment       0x00000000       0x2b FLASH_RUN/stm32f10x_gpio.o
 .comment       0x00000000       0x2b FLASH_RUN/stm32f10x_usart.o
 .comment       0x00000000       0x2b FLASH_RUN/stm32f10x_spi.o
 .comment       0x00000000       0x2b FLASH_RUN/stm32f10x_i2c.o
 .comment       0x00000000       0x2b FLASH_RUN/stm32f10x_rcc.o
 .comment       0x00000000       0x2b FLASH_RUN/stm32f10x_flash.o
 .comment       0x00000000       0x2b FLASH_RUN/stm32f10x_tim.o
 .comment       0x00000000       0x2b FLASH_RUN/misc.o
 .comment       0x00000000       0x2b FLASH_RUN/croutine.o
 .comment       0x00000000       0x2b FLASH_RUN/list.o
 .comment       0x00000000       0x2b FLASH_RUN/queue.o
 .comment       0x00000000       0x2b FLASH_RUN/tasks.o
 .comment       0x00000000       0x2b FLASH_RUN/port.o
 .comment       0x00000000       0x2b FLASH_RUN/heap_2.o
 .comment       0x00000000       0x2b FLASH_RUN/startup_stm32f10x_md_mthomas.o
 .comment       0x00000000       0x2b FLASH_RUN/core_cm3.o
 .comment       0x00000000       0x2b FLASH_RUN/system_stm32f10x.o

.debug
 *(.debug)

.line
 *(.line)

.debug_srcinfo
 *(.debug_srcinfo)

.debug_sfnames
 *(.debug_sfnames)

.debug_aranges  0x00000000      0xfd0
 *(.debug_aranges)
 .debug_aranges
                0x00000000       0x30 FLASH_RUN/main.o
 .debug_aranges
                0x00000030       0x60 FLASH_RUN/stm32f10x_it.o
 .debug_aranges
                0x00000090       0x78 FLASH_RUN/syscalls.o
 .debug_aranges
                0x00000108       0x30 FLASH_RUN/pid.o
 .debug_aranges
                0x00000138       0x58 FLASH_RUN/adxl345.o
 .debug_aranges
                0x00000190       0x60 FLASH_RUN/itg3200.o
 .debug_aranges
                0x000001f0       0x20 FLASH_RUN/led.o
 .debug_aranges
                0x00000210       0x50 FLASH_RUN/uart.o
 .debug_aranges
                0x00000260       0x28 FLASH_RUN/servo.o
 .debug_aranges
                0x00000288       0x48 FLASH_RUN/attitude_observer.o
 .debug_aranges
                0x000002d0       0x20 FLASH_RUN/kalman_task.o
 .debug_aranges
                0x000002f0       0x28 FLASH_RUN/protocol_task.o
 .debug_aranges
                0x00000318       0x20 FLASH_RUN/led_task.o
 .debug_aranges
                0x00000338       0x20 FLASH_RUN/control_task.o
 .debug_aranges
                0x00000358       0xa8 FLASH_RUN/stm32f10x_gpio.o
 .debug_aranges
                0x00000400      0x100 FLASH_RUN/stm32f10x_usart.o
 .debug_aranges
                0x00000500       0xd0 FLASH_RUN/stm32f10x_spi.o
 .debug_aranges
                0x000005d0      0x118 FLASH_RUN/stm32f10x_i2c.o
 .debug_aranges
                0x000006e8      0x118 FLASH_RUN/stm32f10x_rcc.o
 .debug_aranges
                0x00000800       0xf8 FLASH_RUN/stm32f10x_flash.o
 .debug_aranges
                0x000008f8      0x2e0 FLASH_RUN/stm32f10x_tim.o
 .debug_aranges
                0x00000bd8       0x40 FLASH_RUN/misc.o
 .debug_aranges
                0x00000c18       0x38 FLASH_RUN/croutine.o
 .debug_aranges
                0x00000c50       0x40 FLASH_RUN/list.o
 .debug_aranges
                0x00000c90       0x80 FLASH_RUN/queue.o
 .debug_aranges
                0x00000d10      0x100 FLASH_RUN/tasks.o
 .debug_aranges
                0x00000e10       0x68 FLASH_RUN/port.o
 .debug_aranges
                0x00000e78       0x38 FLASH_RUN/heap_2.o
 .debug_aranges
                0x00000eb0       0x30 FLASH_RUN/startup_stm32f10x_md_mthomas.o
 .debug_aranges
                0x00000ee0       0xc8 FLASH_RUN/core_cm3.o
 .debug_aranges
                0x00000fa8       0x28 FLASH_RUN/system_stm32f10x.o

.debug_pubnames
                0x00000000     0x2558
 *(.debug_pubnames)
 .debug_pubnames
                0x00000000       0x5a FLASH_RUN/main.o
 .debug_pubnames
                0x0000005a       0xc6 FLASH_RUN/stm32f10x_it.o
 .debug_pubnames
                0x00000120       0xa1 FLASH_RUN/syscalls.o
 .debug_pubnames
                0x000001c1       0x4b FLASH_RUN/pid.o
 .debug_pubnames
                0x0000020c       0xa4 FLASH_RUN/adxl345.o
 .debug_pubnames
                0x000002b0      0x135 FLASH_RUN/itg3200.o
 .debug_pubnames
                0x000003e5       0x1f FLASH_RUN/led.o
 .debug_pubnames
                0x00000404       0xc0 FLASH_RUN/uart.o
 .debug_pubnames
                0x000004c4       0x34 FLASH_RUN/servo.o
 .debug_pubnames
                0x000004f8       0xb5 FLASH_RUN/attitude_observer.o
 .debug_pubnames
                0x000005ad       0x32 FLASH_RUN/kalman_task.o
 .debug_pubnames
                0x000005df       0x44 FLASH_RUN/protocol_task.o
 .debug_pubnames
                0x00000623       0x1f FLASH_RUN/led_task.o
 .debug_pubnames
                0x00000642       0x3f FLASH_RUN/control_task.o
 .debug_pubnames
                0x00000681      0x19d FLASH_RUN/stm32f10x_gpio.o
 .debug_pubnames
                0x0000081e      0x294 FLASH_RUN/stm32f10x_usart.o
 .debug_pubnames
                0x00000ab2      0x1f6 FLASH_RUN/stm32f10x_spi.o
 .debug_pubnames
                0x00000ca8      0x2b0 FLASH_RUN/stm32f10x_i2c.o
 .debug_pubnames
                0x00000f58      0x2c4 FLASH_RUN/stm32f10x_rcc.o
 .debug_pubnames
                0x0000121c      0x2f2 FLASH_RUN/stm32f10x_flash.o
 .debug_pubnames
                0x0000150e      0x7b0 FLASH_RUN/stm32f10x_tim.o
 .debug_pubnames
                0x00001cbe       0x89 FLASH_RUN/misc.o
 .debug_pubnames
                0x00001d47       0x96 FLASH_RUN/croutine.o
 .debug_pubnames
                0x00001ddd       0x71 FLASH_RUN/list.o
 .debug_pubnames
                0x00001e4e      0x111 FLASH_RUN/queue.o
 .debug_pubnames
                0x00001f5f      0x26d FLASH_RUN/tasks.o
 .debug_pubnames
                0x000021cc      0x10d FLASH_RUN/port.o
 .debug_pubnames
                0x000022d9       0x64 FLASH_RUN/heap_2.o
 .debug_pubnames
                0x0000233d       0x61 FLASH_RUN/startup_stm32f10x_md_mthomas.o
 .debug_pubnames
                0x0000239e      0x159 FLASH_RUN/core_cm3.o
 .debug_pubnames
                0x000024f7       0x61 FLASH_RUN/system_stm32f10x.o

.debug_info     0x00000000     0xbdd4
 *(.debug_info .gnu.linkonce.wi.*)
 .debug_info    0x00000000      0x3d3 FLASH_RUN/main.o
 .debug_info    0x000003d3      0x145 FLASH_RUN/stm32f10x_it.o
 .debug_info    0x00000518      0x4d2 FLASH_RUN/syscalls.o
 .debug_info    0x000009ea      0x225 FLASH_RUN/pid.o
 .debug_info    0x00000c0f      0x680 FLASH_RUN/adxl345.o
 .debug_info    0x0000128f      0x859 FLASH_RUN/itg3200.o
 .debug_info    0x00001ae8      0x1fb FLASH_RUN/led.o
 .debug_info    0x00001ce3      0x69e FLASH_RUN/uart.o
 .debug_info    0x00002381      0x5ea FLASH_RUN/servo.o
 .debug_info    0x0000296b      0x304 FLASH_RUN/attitude_observer.o
 .debug_info    0x00002c6f      0x2d1 FLASH_RUN/kalman_task.o
 .debug_info    0x00002f40      0x380 FLASH_RUN/protocol_task.o
 .debug_info    0x000032c0      0x17b FLASH_RUN/led_task.o
 .debug_info    0x0000343b      0x36c FLASH_RUN/control_task.o
 .debug_info    0x000037a7      0x71d FLASH_RUN/stm32f10x_gpio.o
 .debug_info    0x00003ec4      0xa4e FLASH_RUN/stm32f10x_usart.o
 .debug_info    0x00004912      0x95c FLASH_RUN/stm32f10x_spi.o
 .debug_info    0x0000526e      0xb3c FLASH_RUN/stm32f10x_i2c.o
 .debug_info    0x00005daa      0x8e6 FLASH_RUN/stm32f10x_rcc.o
 .debug_info    0x00006690      0x823 FLASH_RUN/stm32f10x_flash.o
 .debug_info    0x00006eb3     0x1e10 FLASH_RUN/stm32f10x_tim.o
 .debug_info    0x00008cc3      0x548 FLASH_RUN/misc.o
 .debug_info    0x0000920b      0x507 FLASH_RUN/croutine.o
 .debug_info    0x00009712      0x2a0 FLASH_RUN/list.o
 .debug_info    0x000099b2      0x773 FLASH_RUN/queue.o
 .debug_info    0x0000a125      0xf1d FLASH_RUN/tasks.o
 .debug_info    0x0000b042      0x1de FLASH_RUN/port.o
 .debug_info    0x0000b220      0x2b9 FLASH_RUN/heap_2.o
 .debug_info    0x0000b4d9      0x179 FLASH_RUN/startup_stm32f10x_md_mthomas.o
 .debug_info    0x0000b652      0x54f FLASH_RUN/core_cm3.o
 .debug_info    0x0000bba1      0x233 FLASH_RUN/system_stm32f10x.o

.debug_abbrev   0x00000000     0x2ac8
 *(.debug_abbrev)
 .debug_abbrev  0x00000000      0x145 FLASH_RUN/main.o
 .debug_abbrev  0x00000145       0x59 FLASH_RUN/stm32f10x_it.o
 .debug_abbrev  0x0000019e      0x155 FLASH_RUN/syscalls.o
 .debug_abbrev  0x000002f3       0xff FLASH_RUN/pid.o
 .debug_abbrev  0x000003f2      0x1c0 FLASH_RUN/adxl345.o
 .debug_abbrev  0x000005b2      0x230 FLASH_RUN/itg3200.o
 .debug_abbrev  0x000007e2       0xdf FLASH_RUN/led.o
 .debug_abbrev  0x000008c1      0x1ca FLASH_RUN/uart.o
 .debug_abbrev  0x00000a8b       0xfd FLASH_RUN/servo.o
 .debug_abbrev  0x00000b88      0x141 FLASH_RUN/attitude_observer.o
 .debug_abbrev  0x00000cc9       0xe9 FLASH_RUN/kalman_task.o
 .debug_abbrev  0x00000db2      0x13e FLASH_RUN/protocol_task.o
 .debug_abbrev  0x00000ef0       0xc5 FLASH_RUN/led_task.o
 .debug_abbrev  0x00000fb5       0xf8 FLASH_RUN/control_task.o
 .debug_abbrev  0x000010ad      0x1db FLASH_RUN/stm32f10x_gpio.o
 .debug_abbrev  0x00001288      0x1ab FLASH_RUN/stm32f10x_usart.o
 .debug_abbrev  0x00001433      0x1b2 FLASH_RUN/stm32f10x_spi.o
 .debug_abbrev  0x000015e5      0x196 FLASH_RUN/stm32f10x_i2c.o
 .debug_abbrev  0x0000177b      0x1d2 FLASH_RUN/stm32f10x_rcc.o
 .debug_abbrev  0x0000194d      0x1a8 FLASH_RUN/stm32f10x_flash.o
 .debug_abbrev  0x00001af5      0x243 FLASH_RUN/stm32f10x_tim.o
 .debug_abbrev  0x00001d38      0x15d FLASH_RUN/misc.o
 .debug_abbrev  0x00001e95      0x1ed FLASH_RUN/croutine.o
 .debug_abbrev  0x00002082       0xde FLASH_RUN/list.o
 .debug_abbrev  0x00002160      0x1b9 FLASH_RUN/queue.o
 .debug_abbrev  0x00002319      0x25d FLASH_RUN/tasks.o
 .debug_abbrev  0x00002576      0x110 FLASH_RUN/port.o
 .debug_abbrev  0x00002686      0x17a FLASH_RUN/heap_2.o
 .debug_abbrev  0x00002800       0xd6 FLASH_RUN/startup_stm32f10x_md_mthomas.o
 .debug_abbrev  0x000028d6       0xb6 FLASH_RUN/core_cm3.o
 .debug_abbrev  0x0000298c      0x13c FLASH_RUN/system_stm32f10x.o

.debug_line     0x00000000     0x5c68
 *(.debug_line)
 .debug_line    0x00000000      0x293 FLASH_RUN/main.o
 .debug_line    0x00000293      0x11d FLASH_RUN/stm32f10x_it.o
 .debug_line    0x000003b0      0x1fd FLASH_RUN/syscalls.o
 .debug_line    0x000005ad      0x115 FLASH_RUN/pid.o
 .debug_line    0x000006c2      0x342 FLASH_RUN/adxl345.o
 .debug_line    0x00000a04      0x358 FLASH_RUN/itg3200.o
 .debug_line    0x00000d5c      0x1f3 FLASH_RUN/led.o
 .debug_line    0x00000f4f      0x2c0 FLASH_RUN/uart.o
 .debug_line    0x0000120f      0x247 FLASH_RUN/servo.o
 .debug_line    0x00001456      0x1aa FLASH_RUN/attitude_observer.o
 .debug_line    0x00001600      0x1d3 FLASH_RUN/kalman_task.o
 .debug_line    0x000017d3      0x1e9 FLASH_RUN/protocol_task.o
 .debug_line    0x000019bc      0x1d9 FLASH_RUN/led_task.o
 .debug_line    0x00001b95      0x1c9 FLASH_RUN/control_task.o
 .debug_line    0x00001d5e      0x3fb FLASH_RUN/stm32f10x_gpio.o
 .debug_line    0x00002159      0x516 FLASH_RUN/stm32f10x_usart.o
 .debug_line    0x0000266f      0x490 FLASH_RUN/stm32f10x_spi.o
 .debug_line    0x00002aff      0x52a FLASH_RUN/stm32f10x_i2c.o
 .debug_line    0x00003029      0x4e1 FLASH_RUN/stm32f10x_rcc.o
 .debug_line    0x0000350a      0x560 FLASH_RUN/stm32f10x_flash.o
 .debug_line    0x00003a6a      0xb11 FLASH_RUN/stm32f10x_tim.o
 .debug_line    0x0000457b      0x290 FLASH_RUN/misc.o
 .debug_line    0x0000480b      0x1c1 FLASH_RUN/croutine.o
 .debug_line    0x000049cc      0x147 FLASH_RUN/list.o
 .debug_line    0x00004b13      0x32e FLASH_RUN/queue.o
 .debug_line    0x00004e41      0x5e9 FLASH_RUN/tasks.o
 .debug_line    0x0000542a      0x1a4 FLASH_RUN/port.o
 .debug_line    0x000055ce      0x153 FLASH_RUN/heap_2.o
 .debug_line    0x00005721       0x92 FLASH_RUN/startup_stm32f10x_md_mthomas.o
 .debug_line    0x000057b3      0x28e FLASH_RUN/core_cm3.o
 .debug_line    0x00005a41      0x227 FLASH_RUN/system_stm32f10x.o

.debug_frame    0x00000000     0x2f1c
 *(.debug_frame)
 .debug_frame   0x00000000       0x68 FLASH_RUN/main.o
 .debug_frame   0x00000068       0xa0 FLASH_RUN/stm32f10x_it.o
 .debug_frame   0x00000108       0xe0 FLASH_RUN/syscalls.o
 .debug_frame   0x000001e8       0x58 FLASH_RUN/pid.o
 .debug_frame   0x00000240      0x114 FLASH_RUN/adxl345.o
 .debug_frame   0x00000354      0x11c FLASH_RUN/itg3200.o
 .debug_frame   0x00000470       0x30 FLASH_RUN/led.o
 .debug_frame   0x000004a0       0xcc FLASH_RUN/uart.o
 .debug_frame   0x0000056c       0x58 FLASH_RUN/servo.o
 .debug_frame   0x000005c4       0xec FLASH_RUN/attitude_observer.o
 .debug_frame   0x000006b0       0x2c FLASH_RUN/kalman_task.o
 .debug_frame   0x000006dc       0x48 FLASH_RUN/protocol_task.o
 .debug_frame   0x00000724       0x2c FLASH_RUN/led_task.o
 .debug_frame   0x00000750       0x2c FLASH_RUN/control_task.o
 .debug_frame   0x0000077c      0x180 FLASH_RUN/stm32f10x_gpio.o
 .debug_frame   0x000008fc      0x220 FLASH_RUN/stm32f10x_usart.o
 .debug_frame   0x00000b1c      0x1bc FLASH_RUN/stm32f10x_spi.o
 .debug_frame   0x00000cd8      0x23c FLASH_RUN/stm32f10x_i2c.o
 .debug_frame   0x00000f14      0x22c FLASH_RUN/stm32f10x_rcc.o
 .debug_frame   0x00001140      0x28c FLASH_RUN/stm32f10x_flash.o
 .debug_frame   0x000013cc      0x69c FLASH_RUN/stm32f10x_tim.o
 .debug_frame   0x00001a68       0x6c FLASH_RUN/misc.o
 .debug_frame   0x00001ad4       0xb0 FLASH_RUN/croutine.o
 .debug_frame   0x00001b84       0x6c FLASH_RUN/list.o
 .debug_frame   0x00001bf0      0x19c FLASH_RUN/queue.o
 .debug_frame   0x00001d8c      0x378 FLASH_RUN/tasks.o
 .debug_frame   0x00002104       0xd4 FLASH_RUN/port.o
 .debug_frame   0x000021d8       0x70 FLASH_RUN/heap_2.o
 .debug_frame   0x00002248       0x50 FLASH_RUN/startup_stm32f10x_md_mthomas.o
 .debug_frame   0x00002298      0x170 FLASH_RUN/core_cm3.o
 .debug_frame   0x00002408       0x30 FLASH_RUN/system_stm32f10x.o
 .debug_frame   0x00002438       0x28 c:/program files (x86)/codesourcery/sourcery g++ lite/bin/../lib/gcc/arm-none-eabi/4.5.1/../../../../arm-none-eabi/lib/thumb2\libc.a(lib_a-abort.o)
 .debug_frame   0x00002460       0x30 c:/program files (x86)/codesourcery/sourcery g++ lite/bin/../lib/gcc/arm-none-eabi/4.5.1/../../../../arm-none-eabi/lib/thumb2\libc.a(lib_a-memcpy.o)
 .debug_frame   0x00002490       0x2c c:/program files (x86)/codesourcery/sourcery g++ lite/bin/../lib/gcc/arm-none-eabi/4.5.1/../../../../arm-none-eabi/lib/thumb2\libc.a(lib_a-memset.o)
 .debug_frame   0x000024bc       0x64 c:/program files (x86)/codesourcery/sourcery g++ lite/bin/../lib/gcc/arm-none-eabi/4.5.1/../../../../arm-none-eabi/lib/thumb2\libc.a(lib_a-reent.o)
 .debug_frame   0x00002520       0xc0 c:/program files (x86)/codesourcery/sourcery g++ lite/bin/../lib/gcc/arm-none-eabi/4.5.1/../../../../arm-none-eabi/lib/thumb2\libc.a(lib_a-signal.o)
 .debug_frame   0x000025e0       0x3c c:/program files (x86)/codesourcery/sourcery g++ lite/bin/../lib/gcc/arm-none-eabi/4.5.1/../../../../arm-none-eabi/lib/thumb2\libc.a(lib_a-signalr.o)
 .debug_frame   0x0000261c       0x64 c:/program files (x86)/codesourcery/sourcery g++ lite/bin/../lib/gcc/arm-none-eabi/4.5.1/../../../../arm-none-eabi/lib/thumb2\libc.a(lib_a-sprintf.o)
 .debug_frame   0x00002680       0x2c c:/program files (x86)/codesourcery/sourcery g++ lite/bin/../lib/gcc/arm-none-eabi/4.5.1/../../../../arm-none-eabi/lib/thumb2\libc.a(lib_a-strcat.o)
 .debug_frame   0x000026ac       0x20 c:/program files (x86)/codesourcery/sourcery g++ lite/bin/../lib/gcc/arm-none-eabi/4.5.1/../../../../arm-none-eabi/lib/thumb2\libc.a(lib_a-strcpy.o)
 .debug_frame   0x000026cc       0x2c c:/program files (x86)/codesourcery/sourcery g++ lite/bin/../lib/gcc/arm-none-eabi/4.5.1/../../../../arm-none-eabi/lib/thumb2\libc.a(lib_a-strncpy.o)
 .debug_frame   0x000026f8       0x3c c:/program files (x86)/codesourcery/sourcery g++ lite/bin/../lib/gcc/arm-none-eabi/4.5.1/../../../../arm-none-eabi/lib/thumb2\libc.a(lib_a-svfprintf.o)
 .debug_frame   0x00002734       0x68 c:/program files (x86)/codesourcery/sourcery g++ lite/bin/../lib/gcc/arm-none-eabi/4.5.1/../../../../arm-none-eabi/lib/thumb2\libc.a(lib_a-dtoa.o)
 .debug_frame   0x0000279c       0x50 c:/program files (x86)/codesourcery/sourcery g++ lite/bin/../lib/gcc/arm-none-eabi/4.5.1/../../../../arm-none-eabi/lib/thumb2\libc.a(lib_a-freer.o)
 .debug_frame   0x000027ec       0x98 c:/program files (x86)/codesourcery/sourcery g++ lite/bin/../lib/gcc/arm-none-eabi/4.5.1/../../../../arm-none-eabi/lib/thumb2\libc.a(lib_a-locale.o)
 .debug_frame   0x00002884       0x30 c:/program files (x86)/codesourcery/sourcery g++ lite/bin/../lib/gcc/arm-none-eabi/4.5.1/../../../../arm-none-eabi/lib/thumb2\libc.a(lib_a-malloc.o)
 .debug_frame   0x000028b4       0x3c c:/program files (x86)/codesourcery/sourcery g++ lite/bin/../lib/gcc/arm-none-eabi/4.5.1/../../../../arm-none-eabi/lib/thumb2\libc.a(lib_a-mallocr.o)
 .debug_frame   0x000028f0       0x2c c:/program files (x86)/codesourcery/sourcery g++ lite/bin/../lib/gcc/arm-none-eabi/4.5.1/../../../../arm-none-eabi/lib/thumb2\libc.a(lib_a-memchr.o)
 .debug_frame   0x0000291c       0x30 c:/program files (x86)/codesourcery/sourcery g++ lite/bin/../lib/gcc/arm-none-eabi/4.5.1/../../../../arm-none-eabi/lib/thumb2\libc.a(lib_a-mlock.o)
 .debug_frame   0x0000294c      0x244 c:/program files (x86)/codesourcery/sourcery g++ lite/bin/../lib/gcc/arm-none-eabi/4.5.1/../../../../arm-none-eabi/lib/thumb2\libc.a(lib_a-mprec.o)
 .debug_frame   0x00002b90       0x28 c:/program files (x86)/codesourcery/sourcery g++ lite/bin/../lib/gcc/arm-none-eabi/4.5.1/../../../../arm-none-eabi/lib/thumb2\libc.a(lib_a-s_fpclassify.o)
 .debug_frame   0x00002bb8       0x2c c:/program files (x86)/codesourcery/sourcery g++ lite/bin/../lib/gcc/arm-none-eabi/4.5.1/../../../../arm-none-eabi/lib/thumb2\libc.a(lib_a-sbrkr.o)
 .debug_frame   0x00002be4       0x30 c:/program files (x86)/codesourcery/sourcery g++ lite/bin/../lib/gcc/arm-none-eabi/4.5.1/../../../../arm-none-eabi/lib/thumb2\libc.a(lib_a-strcmp.o)
 .debug_frame   0x00002c14       0x20 c:/program files (x86)/codesourcery/sourcery g++ lite/bin/../lib/gcc/arm-none-eabi/4.5.1/../../../../arm-none-eabi/lib/thumb2\libc.a(lib_a-strlen.o)
 .debug_frame   0x00002c34       0x68 c:/program files (x86)/codesourcery/sourcery g++ lite/bin/../lib/gcc/arm-none-eabi/4.5.1/../../../../arm-none-eabi/lib/thumb2\libc.a(lib_a-svfiprintf.o)
 .debug_frame   0x00002c9c       0x2c c:/program files (x86)/codesourcery/sourcery g++ lite/bin/../lib/gcc/arm-none-eabi/4.5.1/../../../../arm-none-eabi/lib/thumb2\libc.a(lib_a-callocr.o)
 .debug_frame   0x00002cc8       0x2c c:/program files (x86)/codesourcery/sourcery g++ lite/bin/../lib/gcc/arm-none-eabi/4.5.1/../../../../arm-none-eabi/lib/thumb2\libc.a(lib_a-memmove.o)
 .debug_frame   0x00002cf4       0x3c c:/program files (x86)/codesourcery/sourcery g++ lite/bin/../lib/gcc/arm-none-eabi/4.5.1/../../../../arm-none-eabi/lib/thumb2\libc.a(lib_a-reallocr.o)
 .debug_frame   0x00002d30       0x38 c:/program files (x86)/codesourcery/sourcery g++ lite/bin/../lib/gcc/arm-none-eabi/4.5.1/../../../../arm-none-eabi/lib/thumb2\libm.a(lib_a-s_atan.o)
 .debug_frame   0x00002d68       0x20 c:/program files (x86)/codesourcery/sourcery g++ lite/bin/../lib/gcc/arm-none-eabi/4.5.1/../../../../arm-none-eabi/lib/thumb2\libm.a(lib_a-s_fabs.o)
 .debug_frame   0x00002d88       0x38 c:/program files (x86)/codesourcery/sourcery g++ lite/bin/../lib/gcc/arm-none-eabi/4.5.1/../../../../arm-none-eabi/lib/thumb2\libm.a(lib_a-w_sqrt.o)
 .debug_frame   0x00002dc0       0x34 c:/program files (x86)/codesourcery/sourcery g++ lite/bin/../lib/gcc/arm-none-eabi/4.5.1/../../../../arm-none-eabi/lib/thumb2\libm.a(lib_a-e_sqrt.o)
 .debug_frame   0x00002df4       0x20 c:/program files (x86)/codesourcery/sourcery g++ lite/bin/../lib/gcc/arm-none-eabi/4.5.1/../../../../arm-none-eabi/lib/thumb2\libm.a(lib_a-s_matherr.o)
 .debug_frame   0x00002e14       0x20 c:/program files (x86)/codesourcery/sourcery g++ lite/bin/../lib/gcc/arm-none-eabi/4.5.1/../../../../arm-none-eabi/lib/thumb2\libc.a(lib_a-errno.o)
 .debug_frame   0x00002e34       0x20 c:/program files (x86)/codesourcery/sourcery g++ lite/bin/../lib/gcc/arm-none-eabi/4.5.1/thumb2\libgcc.a(_udivsi3.o)
 .debug_frame   0x00002e54       0x50 c:/program files (x86)/codesourcery/sourcery g++ lite/bin/../lib/gcc/arm-none-eabi/4.5.1/thumb2\libgcc.a(bpabi.o)
 .debug_frame   0x00002ea4       0x3c c:/program files (x86)/codesourcery/sourcery g++ lite/bin/../lib/gcc/arm-none-eabi/4.5.1/thumb2\libgcc.a(_divdi3.o)
 .debug_frame   0x00002ee0       0x3c c:/program files (x86)/codesourcery/sourcery g++ lite/bin/../lib/gcc/arm-none-eabi/4.5.1/thumb2\libgcc.a(_udivdi3.o)

.debug_str      0x00000000     0x4674
 *(.debug_str)
 .debug_str     0x00000000      0x30d FLASH_RUN/main.o
                                0x359 (size before relaxing)
 .debug_str     0x0000030d       0xa3 FLASH_RUN/stm32f10x_it.o
                                0x15d (size before relaxing)
 .debug_str     0x000003b0      0x164 FLASH_RUN/syscalls.o
                                0x255 (size before relaxing)
 .debug_str     0x00000514       0xe7 FLASH_RUN/pid.o
                                0x1a9 (size before relaxing)
 .debug_str     0x000005fb      0x1fc FLASH_RUN/adxl345.o
                                0x449 (size before relaxing)
 .debug_str     0x000007f7      0x507 FLASH_RUN/itg3200.o
                                0x7b0 (size before relaxing)
 .debug_str     0x00000cfe       0x17 FLASH_RUN/led.o
                                0x213 (size before relaxing)
 .debug_str     0x00000d15      0x12f FLASH_RUN/uart.o
                                0x6ec (size before relaxing)
 .debug_str     0x00000e44      0x21a FLASH_RUN/servo.o
                                0x48e (size before relaxing)
 .debug_str     0x0000105e       0xf8 FLASH_RUN/attitude_observer.o
                                0x210 (size before relaxing)
 .debug_str     0x00001156       0x4e FLASH_RUN/kalman_task.o
                                0x233 (size before relaxing)
 .debug_str     0x000011a4       0x4f FLASH_RUN/protocol_task.o
                                0x23d (size before relaxing)
 .debug_str     0x000011f3       0x26 FLASH_RUN/led_task.o
                                0x12b (size before relaxing)
 .debug_str     0x00001219       0x34 FLASH_RUN/control_task.o
                                0x27d (size before relaxing)
 .debug_str     0x0000124d      0x287 FLASH_RUN/stm32f10x_gpio.o
                                0x4b3 (size before relaxing)
 .debug_str     0x000014d4      0x42c FLASH_RUN/stm32f10x_usart.o
                                0x62a (size before relaxing)
 .debug_str     0x00001900      0x2f0 FLASH_RUN/stm32f10x_spi.o
                                0x597 (size before relaxing)
 .debug_str     0x00001bf0      0x337 FLASH_RUN/stm32f10x_i2c.o
                                0x5d8 (size before relaxing)
 .debug_str     0x00001f27      0x3e5 FLASH_RUN/stm32f10x_rcc.o
                                0x5b4 (size before relaxing)
 .debug_str     0x0000230c      0x44b FLASH_RUN/stm32f10x_flash.o
                                0x582 (size before relaxing)
 .debug_str     0x00002757      0x9f7 FLASH_RUN/stm32f10x_tim.o
                                0xd77 (size before relaxing)
 .debug_str     0x0000314e      0x1c0 FLASH_RUN/misc.o
                                0x35d (size before relaxing)
 .debug_str     0x0000330e      0x34d FLASH_RUN/croutine.o
                                0x3d8 (size before relaxing)
 .debug_str     0x0000365b       0xb9 FLASH_RUN/list.o
                                0x209 (size before relaxing)
 .debug_str     0x00003714      0x313 FLASH_RUN/queue.o
                                0x481 (size before relaxing)
 .debug_str     0x00003a27      0x6ce FLASH_RUN/tasks.o
                                0x8f7 (size before relaxing)
 .debug_str     0x000040f5      0x142 FLASH_RUN/port.o
                                0x1e5 (size before relaxing)
 .debug_str     0x00004237      0x169 FLASH_RUN/heap_2.o
                                0x234 (size before relaxing)
 .debug_str     0x000043a0       0xa8 FLASH_RUN/startup_stm32f10x_md_mthomas.o
                                 0xf0 (size before relaxing)
 .debug_str     0x00004448      0x185 FLASH_RUN/core_cm3.o
                                0x263 (size before relaxing)
 .debug_str     0x000045cd       0xa7 FLASH_RUN/system_stm32f10x.o
                                0x1d7 (size before relaxing)

.debug_loc      0x00000000     0x57fe
 *(.debug_loc)
 .debug_loc     0x00000000       0x40 FLASH_RUN/main.o
 .debug_loc     0x00000040       0xcb FLASH_RUN/syscalls.o
 .debug_loc     0x0000010b      0x163 FLASH_RUN/pid.o
 .debug_loc     0x0000026e      0x254 FLASH_RUN/adxl345.o
 .debug_loc     0x000004c2      0x18e FLASH_RUN/itg3200.o
 .debug_loc     0x00000650       0x20 FLASH_RUN/led.o
 .debug_loc     0x00000670      0x157 FLASH_RUN/uart.o
 .debug_loc     0x000007c7       0x98 FLASH_RUN/servo.o
 .debug_loc     0x0000085f      0x24c FLASH_RUN/attitude_observer.o
 .debug_loc     0x00000aab       0x3f FLASH_RUN/kalman_task.o
 .debug_loc     0x00000aea       0x60 FLASH_RUN/protocol_task.o
 .debug_loc     0x00000b4a       0x75 FLASH_RUN/led_task.o
 .debug_loc     0x00000bbf       0x5d FLASH_RUN/control_task.o
 .debug_loc     0x00000c1c      0x4bd FLASH_RUN/stm32f10x_gpio.o
 .debug_loc     0x000010d9      0x4b4 FLASH_RUN/stm32f10x_usart.o
 .debug_loc     0x0000158d      0x432 FLASH_RUN/stm32f10x_spi.o
 .debug_loc     0x000019bf      0x5e6 FLASH_RUN/stm32f10x_i2c.o
 .debug_loc     0x00001fa5      0x49f FLASH_RUN/stm32f10x_rcc.o
 .debug_loc     0x00002444      0x77e FLASH_RUN/stm32f10x_flash.o
 .debug_loc     0x00002bc2     0x1193 FLASH_RUN/stm32f10x_tim.o
 .debug_loc     0x00003d55      0x112 FLASH_RUN/misc.o
 .debug_loc     0x00003e67      0x21b FLASH_RUN/croutine.o
 .debug_loc     0x00004082       0x55 FLASH_RUN/list.o
 .debug_loc     0x000040d7      0x620 FLASH_RUN/queue.o
 .debug_loc     0x000046f7      0xacc FLASH_RUN/tasks.o
 .debug_loc     0x000051c3       0x9d FLASH_RUN/port.o
 .debug_loc     0x00005260      0x243 FLASH_RUN/heap_2.o
 .debug_loc     0x000054a3       0x49 FLASH_RUN/startup_stm32f10x_md_mthomas.o
 .debug_loc     0x000054ec      0x280 FLASH_RUN/core_cm3.o
 .debug_loc     0x0000576c       0x92 FLASH_RUN/system_stm32f10x.o

.debug_macinfo
 *(.debug_macinfo)

.debug_weaknames
 *(.debug_weaknames)

.debug_funcnames
 *(.debug_funcnames)

.debug_typenames
 *(.debug_typenames)

.debug_varnames
 *(.debug_varnames)

.debug_pubtypes
                0x00000000     0x11fd
 *(.debug_pubtypes)
 .debug_pubtypes
                0x00000000       0xb6 FLASH_RUN/main.o
 .debug_pubtypes
                0x000000b6       0x12 FLASH_RUN/stm32f10x_it.o
 .debug_pubtypes
                0x000000c8       0xaa FLASH_RUN/syscalls.o
 .debug_pubtypes
                0x00000172       0x45 FLASH_RUN/pid.o
 .debug_pubtypes
                0x000001b7       0xe9 FLASH_RUN/adxl345.o
 .debug_pubtypes
                0x000002a0      0x11b FLASH_RUN/itg3200.o
 .debug_pubtypes
                0x000003bb       0x7d FLASH_RUN/led.o
 .debug_pubtypes
                0x00000438       0xe3 FLASH_RUN/uart.o
 .debug_pubtypes
                0x0000051b       0xd6 FLASH_RUN/servo.o
 .debug_pubtypes
                0x000005f1       0x3e FLASH_RUN/attitude_observer.o
 .debug_pubtypes
                0x0000062f       0x87 FLASH_RUN/kalman_task.o
 .debug_pubtypes
                0x000006b6       0x87 FLASH_RUN/protocol_task.o
 .debug_pubtypes
                0x0000073d       0x5a FLASH_RUN/led_task.o
 .debug_pubtypes
                0x00000797       0xa0 FLASH_RUN/control_task.o
 .debug_pubtypes
                0x00000837       0xc3 FLASH_RUN/stm32f10x_gpio.o
 .debug_pubtypes
                0x000008fa       0xc9 FLASH_RUN/stm32f10x_usart.o
 .debug_pubtypes
                0x000009c3       0xb6 FLASH_RUN/stm32f10x_spi.o
 .debug_pubtypes
                0x00000a79       0xb2 FLASH_RUN/stm32f10x_i2c.o
 .debug_pubtypes
                0x00000b2b       0x9e FLASH_RUN/stm32f10x_rcc.o
 .debug_pubtypes
                0x00000bc9       0x8d FLASH_RUN/stm32f10x_flash.o
 .debug_pubtypes
                0x00000c56       0xd8 FLASH_RUN/stm32f10x_tim.o
 .debug_pubtypes
                0x00000d2e       0x80 FLASH_RUN/misc.o
 .debug_pubtypes
                0x00000dae       0xcd FLASH_RUN/croutine.o
 .debug_pubtypes
                0x00000e7b       0x7a FLASH_RUN/list.o
 .debug_pubtypes
                0x00000ef5       0xd4 FLASH_RUN/queue.o
 .debug_pubtypes
                0x00000fc9      0x10c FLASH_RUN/tasks.o
 .debug_pubtypes
                0x000010d5       0x33 FLASH_RUN/port.o
 .debug_pubtypes
                0x00001108       0x4c FLASH_RUN/heap_2.o
 .debug_pubtypes
                0x00001154       0x1e FLASH_RUN/startup_stm32f10x_md_mthomas.o
 .debug_pubtypes
                0x00001172       0x50 FLASH_RUN/core_cm3.o
 .debug_pubtypes
                0x000011c2       0x3b FLASH_RUN/system_stm32f10x.o

.debug_ranges   0x00000000      0xf60
 *(.debug_ranges)
 .debug_ranges  0x00000000       0x20 FLASH_RUN/main.o
 .debug_ranges  0x00000020       0x50 FLASH_RUN/stm32f10x_it.o
 .debug_ranges  0x00000070       0x68 FLASH_RUN/syscalls.o
 .debug_ranges  0x000000d8       0x20 FLASH_RUN/pid.o
 .debug_ranges  0x000000f8       0x48 FLASH_RUN/adxl345.o
 .debug_ranges  0x00000140       0x50 FLASH_RUN/itg3200.o
 .debug_ranges  0x00000190       0x10 FLASH_RUN/led.o
 .debug_ranges  0x000001a0       0x40 FLASH_RUN/uart.o
 .debug_ranges  0x000001e0       0x18 FLASH_RUN/servo.o
 .debug_ranges  0x000001f8       0x50 FLASH_RUN/attitude_observer.o
 .debug_ranges  0x00000248       0x10 FLASH_RUN/kalman_task.o
 .debug_ranges  0x00000258       0x18 FLASH_RUN/protocol_task.o
 .debug_ranges  0x00000270       0x10 FLASH_RUN/led_task.o
 .debug_ranges  0x00000280       0x10 FLASH_RUN/control_task.o
 .debug_ranges  0x00000290       0x98 FLASH_RUN/stm32f10x_gpio.o
 .debug_ranges  0x00000328       0xf0 FLASH_RUN/stm32f10x_usart.o
 .debug_ranges  0x00000418       0xc0 FLASH_RUN/stm32f10x_spi.o
 .debug_ranges  0x000004d8      0x108 FLASH_RUN/stm32f10x_i2c.o
 .debug_ranges  0x000005e0      0x108 FLASH_RUN/stm32f10x_rcc.o
 .debug_ranges  0x000006e8       0xe8 FLASH_RUN/stm32f10x_flash.o
 .debug_ranges  0x000007d0      0x300 FLASH_RUN/stm32f10x_tim.o
 .debug_ranges  0x00000ad0       0x30 FLASH_RUN/misc.o
 .debug_ranges  0x00000b00       0x70 FLASH_RUN/croutine.o
 .debug_ranges  0x00000b70       0x30 FLASH_RUN/list.o
 .debug_ranges  0x00000ba0       0x70 FLASH_RUN/queue.o
 .debug_ranges  0x00000c10      0x1c8 FLASH_RUN/tasks.o
 .debug_ranges  0x00000dd8       0x58 FLASH_RUN/port.o
 .debug_ranges  0x00000e30       0x40 FLASH_RUN/heap_2.o
 .debug_ranges  0x00000e70       0x20 FLASH_RUN/startup_stm32f10x_md_mthomas.o
 .debug_ranges  0x00000e90       0xb8 FLASH_RUN/core_cm3.o
 .debug_ranges  0x00000f48       0x18 FLASH_RUN/system_stm32f10x.o

.ARM.attributes
                0x00000000       0x31
 *(.ARM.attributes)
 .ARM.attributes
                0x00000000       0x31 FLASH_RUN/main.o
 .ARM.attributes
                0x00000031       0x31 FLASH_RUN/stm32f10x_it.o
 .ARM.attributes
                0x00000062       0x31 FLASH_RUN/syscalls.o
 .ARM.attributes
                0x00000093       0x31 FLASH_RUN/pid.o
 .ARM.attributes
                0x000000c4       0x31 FLASH_RUN/adxl345.o
 .ARM.attributes
                0x000000f5       0x31 FLASH_RUN/itg3200.o
 .ARM.attributes
                0x00000126       0x31 FLASH_RUN/led.o
 .ARM.attributes
                0x00000157       0x31 FLASH_RUN/uart.o
 .ARM.attributes
                0x00000188       0x31 FLASH_RUN/servo.o
 .ARM.attributes
                0x000001b9       0x31 FLASH_RUN/attitude_observer.o
 .ARM.attributes
                0x000001ea       0x31 FLASH_RUN/kalman_task.o
 .ARM.attributes
                0x0000021b       0x31 FLASH_RUN/protocol_task.o
 .ARM.attributes
                0x0000024c       0x31 FLASH_RUN/led_task.o
 .ARM.attributes
                0x0000027d       0x31 FLASH_RUN/control_task.o
 .ARM.attributes
                0x000002ae       0x31 FLASH_RUN/stm32f10x_gpio.o
 .ARM.attributes
                0x000002df       0x31 FLASH_RUN/stm32f10x_usart.o
 .ARM.attributes
                0x00000310       0x31 FLASH_RUN/stm32f10x_spi.o
 .ARM.attributes
                0x00000341       0x31 FLASH_RUN/stm32f10x_i2c.o
 .ARM.attributes
                0x00000372       0x31 FLASH_RUN/stm32f10x_rcc.o
 .ARM.attributes
                0x000003a3       0x31 FLASH_RUN/stm32f10x_flash.o
 .ARM.attributes
                0x000003d4       0x31 FLASH_RUN/stm32f10x_tim.o
 .ARM.attributes
                0x00000405       0x31 FLASH_RUN/misc.o
 .ARM.attributes
                0x00000436       0x31 FLASH_RUN/croutine.o
 .ARM.attributes
                0x00000467       0x31 FLASH_RUN/list.o
 .ARM.attributes
                0x00000498       0x31 FLASH_RUN/queue.o
 .ARM.attributes
                0x000004c9       0x31 FLASH_RUN/tasks.o
 .ARM.attributes
                0x000004fa       0x31 FLASH_RUN/port.o
 .ARM.attributes
                0x0000052b       0x31 FLASH_RUN/heap_2.o
 .ARM.attributes
                0x0000055c       0x31 FLASH_RUN/startup_stm32f10x_md_mthomas.o
 .ARM.attributes
                0x0000058d       0x31 FLASH_RUN/core_cm3.o
 .ARM.attributes
                0x000005be       0x31 FLASH_RUN/system_stm32f10x.o
 .ARM.attributes
                0x000005ef       0x29 c:/program files (x86)/codesourcery/sourcery g++ lite/bin/../lib/gcc/arm-none-eabi/4.5.1/../../../../arm-none-eabi/lib/thumb2\libc.a(lib_a-abort.o)
 .ARM.attributes
                0x00000618       0x29 c:/program files (x86)/codesourcery/sourcery g++ lite/bin/../lib/gcc/arm-none-eabi/4.5.1/../../../../arm-none-eabi/lib/thumb2\libc.a(lib_a-memcpy.o)
 .ARM.attributes
                0x00000641       0x29 c:/program files (x86)/codesourcery/sourcery g++ lite/bin/../lib/gcc/arm-none-eabi/4.5.1/../../../../arm-none-eabi/lib/thumb2\libc.a(lib_a-memset.o)
 .ARM.attributes
                0x0000066a       0x29 c:/program files (x86)/codesourcery/sourcery g++ lite/bin/../lib/gcc/arm-none-eabi/4.5.1/../../../../arm-none-eabi/lib/thumb2\libc.a(lib_a-reent.o)
 .ARM.attributes
                0x00000693       0x29 c:/program files (x86)/codesourcery/sourcery g++ lite/bin/../lib/gcc/arm-none-eabi/4.5.1/../../../../arm-none-eabi/lib/thumb2\libc.a(lib_a-signal.o)
 .ARM.attributes
                0x000006bc       0x29 c:/program files (x86)/codesourcery/sourcery g++ lite/bin/../lib/gcc/arm-none-eabi/4.5.1/../../../../arm-none-eabi/lib/thumb2\libc.a(lib_a-signalr.o)
 .ARM.attributes
                0x000006e5       0x29 c:/program files (x86)/codesourcery/sourcery g++ lite/bin/../lib/gcc/arm-none-eabi/4.5.1/../../../../arm-none-eabi/lib/thumb2\libc.a(lib_a-sprintf.o)
 .ARM.attributes
                0x0000070e       0x29 c:/program files (x86)/codesourcery/sourcery g++ lite/bin/../lib/gcc/arm-none-eabi/4.5.1/../../../../arm-none-eabi/lib/thumb2\libc.a(lib_a-strcat.o)
 .ARM.attributes
                0x00000737       0x29 c:/program files (x86)/codesourcery/sourcery g++ lite/bin/../lib/gcc/arm-none-eabi/4.5.1/../../../../arm-none-eabi/lib/thumb2\libc.a(lib_a-strcpy.o)
 .ARM.attributes
                0x00000760       0x29 c:/program files (x86)/codesourcery/sourcery g++ lite/bin/../lib/gcc/arm-none-eabi/4.5.1/../../../../arm-none-eabi/lib/thumb2\libc.a(lib_a-strncpy.o)
 .ARM.attributes
                0x00000789       0x29 c:/program files (x86)/codesourcery/sourcery g++ lite/bin/../lib/gcc/arm-none-eabi/4.5.1/../../../../arm-none-eabi/lib/thumb2\libc.a(lib_a-svfprintf.o)
 .ARM.attributes
                0x000007b2       0x29 c:/program files (x86)/codesourcery/sourcery g++ lite/bin/../lib/gcc/arm-none-eabi/4.5.1/../../../../arm-none-eabi/lib/thumb2\libc.a(lib_a-dtoa.o)
 .ARM.attributes
                0x000007db       0x29 c:/program files (x86)/codesourcery/sourcery g++ lite/bin/../lib/gcc/arm-none-eabi/4.5.1/../../../../arm-none-eabi/lib/thumb2\libc.a(lib_a-freer.o)
 .ARM.attributes
                0x00000804       0x29 c:/program files (x86)/codesourcery/sourcery g++ lite/bin/../lib/gcc/arm-none-eabi/4.5.1/../../../../arm-none-eabi/lib/thumb2\libc.a(lib_a-impure.o)
 .ARM.attributes
                0x0000082d       0x29 c:/program files (x86)/codesourcery/sourcery g++ lite/bin/../lib/gcc/arm-none-eabi/4.5.1/../../../../arm-none-eabi/lib/thumb2\libc.a(lib_a-locale.o)
 .ARM.attributes
                0x00000856       0x29 c:/program files (x86)/codesourcery/sourcery g++ lite/bin/../lib/gcc/arm-none-eabi/4.5.1/../../../../arm-none-eabi/lib/thumb2\libc.a(lib_a-malloc.o)
 .ARM.attributes
                0x0000087f       0x29 c:/program files (x86)/codesourcery/sourcery g++ lite/bin/../lib/gcc/arm-none-eabi/4.5.1/../../../../arm-none-eabi/lib/thumb2\libc.a(lib_a-mallocr.o)
 .ARM.attributes
                0x000008a8       0x29 c:/program files (x86)/codesourcery/sourcery g++ lite/bin/../lib/gcc/arm-none-eabi/4.5.1/../../../../arm-none-eabi/lib/thumb2\libc.a(lib_a-memchr.o)
 .ARM.attributes
                0x000008d1       0x29 c:/program files (x86)/codesourcery/sourcery g++ lite/bin/../lib/gcc/arm-none-eabi/4.5.1/../../../../arm-none-eabi/lib/thumb2\libc.a(lib_a-mlock.o)
 .ARM.attributes
                0x000008fa       0x29 c:/program files (x86)/codesourcery/sourcery g++ lite/bin/../lib/gcc/arm-none-eabi/4.5.1/../../../../arm-none-eabi/lib/thumb2\libc.a(lib_a-mprec.o)
 .ARM.attributes
                0x00000923       0x29 c:/program files (x86)/codesourcery/sourcery g++ lite/bin/../lib/gcc/arm-none-eabi/4.5.1/../../../../arm-none-eabi/lib/thumb2\libc.a(lib_a-s_fpclassify.o)
 .ARM.attributes
                0x0000094c       0x29 c:/program files (x86)/codesourcery/sourcery g++ lite/bin/../lib/gcc/arm-none-eabi/4.5.1/../../../../arm-none-eabi/lib/thumb2\libc.a(lib_a-sbrkr.o)
 .ARM.attributes
                0x00000975       0x29 c:/program files (x86)/codesourcery/sourcery g++ lite/bin/../lib/gcc/arm-none-eabi/4.5.1/../../../../arm-none-eabi/lib/thumb2\libc.a(lib_a-strcmp.o)
 .ARM.attributes
                0x0000099e       0x29 c:/program files (x86)/codesourcery/sourcery g++ lite/bin/../lib/gcc/arm-none-eabi/4.5.1/../../../../arm-none-eabi/lib/thumb2\libc.a(lib_a-strlen.o)
 .ARM.attributes
                0x000009c7       0x29 c:/program files (x86)/codesourcery/sourcery g++ lite/bin/../lib/gcc/arm-none-eabi/4.5.1/../../../../arm-none-eabi/lib/thumb2\libc.a(lib_a-svfiprintf.o)
 .ARM.attributes
                0x000009f0       0x29 c:/program files (x86)/codesourcery/sourcery g++ lite/bin/../lib/gcc/arm-none-eabi/4.5.1/../../../../arm-none-eabi/lib/thumb2\libc.a(lib_a-callocr.o)
 .ARM.attributes
                0x00000a19       0x29 c:/program files (x86)/codesourcery/sourcery g++ lite/bin/../lib/gcc/arm-none-eabi/4.5.1/../../../../arm-none-eabi/lib/thumb2\libc.a(lib_a-memmove.o)
 .ARM.attributes
                0x00000a42       0x29 c:/program files (x86)/codesourcery/sourcery g++ lite/bin/../lib/gcc/arm-none-eabi/4.5.1/../../../../arm-none-eabi/lib/thumb2\libc.a(lib_a-reallocr.o)
 .ARM.attributes
                0x00000a6b       0x29 c:/program files (x86)/codesourcery/sourcery g++ lite/bin/../lib/gcc/arm-none-eabi/4.5.1/../../../../arm-none-eabi/lib/thumb2\libm.a(lib_a-s_atan.o)
 .ARM.attributes
                0x00000a94       0x29 c:/program files (x86)/codesourcery/sourcery g++ lite/bin/../lib/gcc/arm-none-eabi/4.5.1/../../../../arm-none-eabi/lib/thumb2\libm.a(lib_a-s_fabs.o)
 .ARM.attributes
                0x00000abd       0x29 c:/program files (x86)/codesourcery/sourcery g++ lite/bin/../lib/gcc/arm-none-eabi/4.5.1/../../../../arm-none-eabi/lib/thumb2\libm.a(lib_a-w_sqrt.o)
 .ARM.attributes
                0x00000ae6       0x29 c:/program files (x86)/codesourcery/sourcery g++ lite/bin/../lib/gcc/arm-none-eabi/4.5.1/../../../../arm-none-eabi/lib/thumb2\libm.a(lib_a-e_sqrt.o)
 .ARM.attributes
                0x00000b0f       0x29 c:/program files (x86)/codesourcery/sourcery g++ lite/bin/../lib/gcc/arm-none-eabi/4.5.1/../../../../arm-none-eabi/lib/thumb2\libm.a(lib_a-s_lib_ver.o)
 .ARM.attributes
                0x00000b38       0x29 c:/program files (x86)/codesourcery/sourcery g++ lite/bin/../lib/gcc/arm-none-eabi/4.5.1/../../../../arm-none-eabi/lib/thumb2\libm.a(lib_a-s_matherr.o)
 .ARM.attributes
                0x00000b61       0x29 c:/program files (x86)/codesourcery/sourcery g++ lite/bin/../lib/gcc/arm-none-eabi/4.5.1/../../../../arm-none-eabi/lib/thumb2\libc.a(lib_a-errno.o)
 .ARM.attributes
                0x00000b8a       0x1b c:/program files (x86)/codesourcery/sourcery g++ lite/bin/../lib/gcc/arm-none-eabi/4.5.1/thumb2\libgcc.a(_udivsi3.o)
 .ARM.attributes
                0x00000ba5       0x1b c:/program files (x86)/codesourcery/sourcery g++ lite/bin/../lib/gcc/arm-none-eabi/4.5.1/thumb2\libgcc.a(_dvmd_tls.o)
 .ARM.attributes
                0x00000bc0       0x1b c:/program files (x86)/codesourcery/sourcery g++ lite/bin/../lib/gcc/arm-none-eabi/4.5.1/thumb2\libgcc.a(_arm_addsubdf3.o)
 .ARM.attributes
                0x00000bdb       0x1b c:/program files (x86)/codesourcery/sourcery g++ lite/bin/../lib/gcc/arm-none-eabi/4.5.1/thumb2\libgcc.a(_arm_muldivdf3.o)
 .ARM.attributes